../Drivers/CMSIS/Include/core_cm4.h:2064:26:ITM_SendChar	16	static,ignoring_inline_asm
../Core/Src/main.c:86:5:main	64	static,ignoring_inline_asm
../Core/Src/main.c:172:6:SystemClock_Config	88	static
../Core/Src/main.c:222:13:MX_RTC_Init	8	static
../Core/Src/main.c:257:13:MX_USART2_UART_Init	8	static
../Core/Src/main.c:290:13:MX_GPIO_Init	48	static
../Core/Src/main.c:328:6:LedEffectCb	24	static
../Core/Src/main.c:343:6:ReportTimeCb	16	static
../Core/Src/main.c:348:6:HAL_UART_RxCpltCallback	24	static
../Core/Src/main.c:373:5:__io_putchar	24	static
../Core/Src/main.c:390:6:HAL_TIM_PeriodElapsedCallback	16	static
../Core/Src/main.c:407:6:Error_Handler	4	static,ignoring_inline_asm
