Archive member included to satisfy reference by file (symbol)

C:/ST/STM32CubeIDE_1.12.0/STM32CubeIDE/plugins/com.st.stm32cube.ide.mcu.externaltools.gnu-tools-for-stm32.12.3.rel1.win32_1.0.100.202403111256/tools/bin/../lib/gcc/arm-none-eabi/12.3.1/../../../../arm-none-eabi/lib/thumb/v7e-m+fp/hard\libc_nano.a(libc_a-exit.o)
                              C:/ST/STM32CubeIDE_1.12.0/STM32CubeIDE/plugins/com.st.stm32cube.ide.mcu.externaltools.gnu-tools-for-stm32.12.3.rel1.win32_1.0.100.202403111256/tools/bin/../lib/gcc/arm-none-eabi/12.3.1/../../../../arm-none-eabi/lib/thumb/v7e-m+fp/hard/crt0.o (exit)
C:/ST/STM32CubeIDE_1.12.0/STM32CubeIDE/plugins/com.st.stm32cube.ide.mcu.externaltools.gnu-tools-for-stm32.12.3.rel1.win32_1.0.100.202403111256/tools/bin/../lib/gcc/arm-none-eabi/12.3.1/../../../../arm-none-eabi/lib/thumb/v7e-m+fp/hard\libc_nano.a(libc_a-findfp.o)
                              C:/ST/STM32CubeIDE_1.12.0/STM32CubeIDE/plugins/com.st.stm32cube.ide.mcu.externaltools.gnu-tools-for-stm32.12.3.rel1.win32_1.0.100.202403111256/tools/bin/../lib/gcc/arm-none-eabi/12.3.1/../../../../arm-none-eabi/lib/thumb/v7e-m+fp/hard\libc_nano.a(libc_a-exit.o) (__stdio_exit_handler)
C:/ST/STM32CubeIDE_1.12.0/STM32CubeIDE/plugins/com.st.stm32cube.ide.mcu.externaltools.gnu-tools-for-stm32.12.3.rel1.win32_1.0.100.202403111256/tools/bin/../lib/gcc/arm-none-eabi/12.3.1/../../../../arm-none-eabi/lib/thumb/v7e-m+fp/hard\libc_nano.a(libc_a-fwalk.o)
                              C:/ST/STM32CubeIDE_1.12.0/STM32CubeIDE/plugins/com.st.stm32cube.ide.mcu.externaltools.gnu-tools-for-stm32.12.3.rel1.win32_1.0.100.202403111256/tools/bin/../lib/gcc/arm-none-eabi/12.3.1/../../../../arm-none-eabi/lib/thumb/v7e-m+fp/hard\libc_nano.a(libc_a-findfp.o) (_fwalk_sglue)
C:/ST/STM32CubeIDE_1.12.0/STM32CubeIDE/plugins/com.st.stm32cube.ide.mcu.externaltools.gnu-tools-for-stm32.12.3.rel1.win32_1.0.100.202403111256/tools/bin/../lib/gcc/arm-none-eabi/12.3.1/../../../../arm-none-eabi/lib/thumb/v7e-m+fp/hard\libc_nano.a(libc_a-printf.o)
                              ./Core/Src/DateTime.o (printf)
C:/ST/STM32CubeIDE_1.12.0/STM32CubeIDE/plugins/com.st.stm32cube.ide.mcu.externaltools.gnu-tools-for-stm32.12.3.rel1.win32_1.0.100.202403111256/tools/bin/../lib/gcc/arm-none-eabi/12.3.1/../../../../arm-none-eabi/lib/thumb/v7e-m+fp/hard\libc_nano.a(libc_a-sprintf.o)
                              ./Core/Src/DateTime.o (sprintf)
C:/ST/STM32CubeIDE_1.12.0/STM32CubeIDE/plugins/com.st.stm32cube.ide.mcu.externaltools.gnu-tools-for-stm32.12.3.rel1.win32_1.0.100.202403111256/tools/bin/../lib/gcc/arm-none-eabi/12.3.1/../../../../arm-none-eabi/lib/thumb/v7e-m+fp/hard\libc_nano.a(libc_a-stdio.o)
                              C:/ST/STM32CubeIDE_1.12.0/STM32CubeIDE/plugins/com.st.stm32cube.ide.mcu.externaltools.gnu-tools-for-stm32.12.3.rel1.win32_1.0.100.202403111256/tools/bin/../lib/gcc/arm-none-eabi/12.3.1/../../../../arm-none-eabi/lib/thumb/v7e-m+fp/hard\libc_nano.a(libc_a-findfp.o) (__sread)
C:/ST/STM32CubeIDE_1.12.0/STM32CubeIDE/plugins/com.st.stm32cube.ide.mcu.externaltools.gnu-tools-for-stm32.12.3.rel1.win32_1.0.100.202403111256/tools/bin/../lib/gcc/arm-none-eabi/12.3.1/../../../../arm-none-eabi/lib/thumb/v7e-m+fp/hard\libc_nano.a(libc_a-memset.o)
                              C:/ST/STM32CubeIDE_1.12.0/STM32CubeIDE/plugins/com.st.stm32cube.ide.mcu.externaltools.gnu-tools-for-stm32.12.3.rel1.win32_1.0.100.202403111256/tools/bin/../lib/gcc/arm-none-eabi/12.3.1/../../../../arm-none-eabi/lib/thumb/v7e-m+fp/hard/crt0.o (memset)
C:/ST/STM32CubeIDE_1.12.0/STM32CubeIDE/plugins/com.st.stm32cube.ide.mcu.externaltools.gnu-tools-for-stm32.12.3.rel1.win32_1.0.100.202403111256/tools/bin/../lib/gcc/arm-none-eabi/12.3.1/../../../../arm-none-eabi/lib/thumb/v7e-m+fp/hard\libc_nano.a(libc_a-closer.o)
                              C:/ST/STM32CubeIDE_1.12.0/STM32CubeIDE/plugins/com.st.stm32cube.ide.mcu.externaltools.gnu-tools-for-stm32.12.3.rel1.win32_1.0.100.202403111256/tools/bin/../lib/gcc/arm-none-eabi/12.3.1/../../../../arm-none-eabi/lib/thumb/v7e-m+fp/hard\libc_nano.a(libc_a-stdio.o) (_close_r)
C:/ST/STM32CubeIDE_1.12.0/STM32CubeIDE/plugins/com.st.stm32cube.ide.mcu.externaltools.gnu-tools-for-stm32.12.3.rel1.win32_1.0.100.202403111256/tools/bin/../lib/gcc/arm-none-eabi/12.3.1/../../../../arm-none-eabi/lib/thumb/v7e-m+fp/hard\libc_nano.a(libc_a-reent.o)
                              C:/ST/STM32CubeIDE_1.12.0/STM32CubeIDE/plugins/com.st.stm32cube.ide.mcu.externaltools.gnu-tools-for-stm32.12.3.rel1.win32_1.0.100.202403111256/tools/bin/../lib/gcc/arm-none-eabi/12.3.1/../../../../arm-none-eabi/lib/thumb/v7e-m+fp/hard\libc_nano.a(libc_a-closer.o) (errno)
C:/ST/STM32CubeIDE_1.12.0/STM32CubeIDE/plugins/com.st.stm32cube.ide.mcu.externaltools.gnu-tools-for-stm32.12.3.rel1.win32_1.0.100.202403111256/tools/bin/../lib/gcc/arm-none-eabi/12.3.1/../../../../arm-none-eabi/lib/thumb/v7e-m+fp/hard\libc_nano.a(libc_a-impure.o)
[...]
Memory Configuration

Name             Origin             Length             Attributes
RAM              0x20000000         0x00020000         xrw
FLASH            0x08000000         0x00080000         xr
*default*        0x00000000         0xffffffff

Linker script and memory map

LOAD C:/ST/STM32CubeIDE_1.12.0/STM32CubeIDE/plugins/com.st.stm32cube.ide.mcu.externaltools.gnu-tools-for-stm32.12.3.rel1.win32_1.0.100.202403111256/tools/bin/../lib/gcc/arm-none-eabi/12.3.1/thumb/v7e-m+fp/hard/crti.o
LOAD C:/ST/STM32CubeIDE_1.12.0/STM32CubeIDE/plugins/com.st.stm32cube.ide.mcu.externaltools.gnu-tools-for-stm32.12.3.rel1.win32_1.0.100.202403111256/tools/bin/../lib/gcc/arm-none-eabi/12.3.1/thumb/v7e-m+fp/hard/crtbegin.o
LOAD C:/ST/STM32CubeIDE_1.12.0/STM32CubeIDE/plugins/com.st.stm32cube.ide.mcu.externaltools.gnu-tools-for-stm32.12.3.rel1.win32_1.0.100.202403111256/tools/bin/../lib/gcc/arm-none-eabi/12.3.1/../../../../arm-none-eabi/lib/thumb/v7e-m+fp/hard/crt0.o
LOAD ./Common/ThirdParty/FreeRTOS/croutine.o
LOAD ./Common/ThirdParty/FreeRTOS/event_groups.o
LOAD ./Common/ThirdParty/FreeRTOS/list.o
LOAD ./Common/ThirdParty/FreeRTOS/queue.o
LOAD ./Common/ThirdParty/FreeRTOS/stream_buffer.o
LOAD ./Common/ThirdParty/FreeRTOS/tasks.o
LOAD ./Common/ThirdParty/FreeRTOS/timers.o
LOAD ./Common/ThirdParty/FreeRTOS/portable/GCC/ARM_CM4F/port.o
LOAD ./Common/ThirdParty/FreeRTOS/portable/MemMang/heap_4.o
LOAD ./Core/Src/DateTime.o
LOAD ./Core/Src/LedEffect.o
LOAD ./Core/Src/TaskHandlers.o
LOAD ./Core/Src/main.o
LOAD ./Core/Src/stm32f4xx_hal_msp.o
LOAD ./Core/Src/stm32f4xx_hal_timebase_tim.o
LOAD ./Core/Src/stm32f4xx_it.o
LOAD ./Core/Src/syscalls.o
LOAD ./Core/Src/sysmem.o
LOAD ./Core/Src/system_stm32f4xx.o
LOAD ./Core/Startup/startup_stm32f446retx.o
LOAD ./Drivers/STM32F4xx_HAL_Driver/Src/stm32f4xx_hal.o
LOAD ./Drivers/STM32F4xx_HAL_Driver/Src/stm32f4xx_hal_cortex.o
LOAD ./Drivers/STM32F4xx_HAL_Driver/Src/stm32f4xx_hal_dma.o
LOAD ./Drivers/STM32F4xx_HAL_Driver/Src/stm32f4xx_hal_dma_ex.o
LOAD ./Drivers/STM32F4xx_HAL_Driver/Src/stm32f4xx_hal_exti.o
LOAD ./Drivers/STM32F4xx_HAL_Driver/Src/stm32f4xx_hal_flash.o
LOAD ./Drivers/STM32F4xx_HAL_Driver/Src/stm32f4xx_hal_flash_ex.o
LOAD ./Drivers/STM32F4xx_HAL_Driver/Src/stm32f4xx_hal_flash_ramfunc.o
LOAD ./Drivers/STM32F4xx_HAL_Driver/Src/stm32f4xx_hal_gpio.o
LOAD ./Drivers/STM32F4xx_HAL_Driver/Src/stm32f4xx_hal_pwr.o
LOAD ./Drivers/STM32F4xx_HAL_Driver/Src/stm32f4xx_hal_pwr_ex.o
LOAD ./Drivers/STM32F4xx_HAL_Driver/Src/stm32f4xx_hal_rcc.o
LOAD ./Drivers/STM32F4xx_HAL_Driver/Src/stm32f4xx_hal_rcc_ex.o
LOAD ./Drivers/STM32F4xx_HAL_Driver/Src/stm32f4xx_hal_rtc.o
LOAD ./Drivers/STM32F4xx_HAL_Driver/Src/stm32f4xx_hal_rtc_ex.o
LOAD ./Drivers/STM32F4xx_HAL_Driver/Src/stm32f4xx_hal_tim.o
LOAD ./Drivers/STM32F4xx_HAL_Driver/Src/stm32f4xx_hal_tim_ex.o
LOAD ./Drivers/STM32F4xx_HAL_Driver/Src/stm32f4xx_hal_uart.o
START GROUP
LOAD C:/ST/STM32CubeIDE_1.12.0/STM32CubeIDE/plugins/com.st.stm32cube.ide.mcu.externaltools.gnu-tools-for-stm32.12.3.rel1.win32_1.0.100.202403111256/tools/bin/../lib/gcc/arm-none-eabi/12.3.1/../../../../arm-none-eabi/lib/thumb/v7e-m+fp/hard\libc_nano.a
LOAD C:/ST/STM32CubeIDE_1.12.0/STM32CubeIDE/plugins/com.st.stm32cube.ide.mcu.externaltools.gnu-tools-for-stm32.12.3.rel1.win32_1.0.100.202403111256/tools/bin/../lib/gcc/arm-none-eabi/12.3.1/../../../../arm-none-eabi/lib/thumb/v7e-m+fp/hard\libm.a
END GROUP
START GROUP
LOAD C:/ST/STM32CubeIDE_1.12.0/STM32CubeIDE/plugins/com.st.stm32cube.ide.mcu.externaltools.gnu-tools-for-stm32.12.3.rel1.win32_1.0.100.202403111256/tools/bin/../lib/gcc/arm-none-eabi/12.3.1/thumb/v7e-m+fp/hard\libgcc.a
LOAD C:/ST/STM32CubeIDE_1.12.0/STM32CubeIDE/plugins/com.st.stm32cube.ide.mcu.externaltools.gnu-tools-for-stm32.12.3.rel1.win32_1.0.100.202403111256/tools/bin/../lib/gcc/arm-none-eabi/12.3.1/../../../../arm-none-eabi/lib/thumb/v7e-m+fp/hard\libc_nano.a
END GROUP
START GROUP
LOAD C:/ST/STM32CubeIDE_1.12.0/STM32CubeIDE/plugins/com.st.stm32cube.ide.mcu.externaltools.gnu-tools-for-stm32.12.3.rel1.win32_1.0.100.202403111256/tools/bin/../lib/gcc/arm-none-eabi/12.3.1/thumb/v7e-m+fp/hard\libgcc.a
LOAD C:/ST/STM32CubeIDE_1.12.0/STM32CubeIDE/plugins/com.st.stm32cube.ide.mcu.externaltools.gnu-tools-for-stm32.12.3.rel1.win32_1.0.100.202403111256/tools/bin/../lib/gcc/arm-none-eabi/12.3.1/../../../../arm-none-eabi/lib/thumb/v7e-m+fp/hard\libc_nano.a
LOAD C:/ST/STM32CubeIDE_1.12.0/STM32CubeIDE/plugins/com.st.stm32cube.ide.mcu.externaltools.gnu-tools-for-stm32.12.3.rel1.win32_1.0.100.202403111256/tools/bin/../lib/gcc/arm-none-eabi/12.3.1/../../../../arm-none-eabi/lib/thumb/v7e-m+fp/hard\libnosys.a
END GROUP
START GROUP
LOAD C:/ST/STM32CubeIDE_1.12.0/STM32CubeIDE/plugins/com.st.stm32cube.ide.mcu.externaltools.gnu-tools-for-stm32.12.3.rel1.win32_1.0.100.202403111256/tools/bin/../lib/gcc/arm-none-eabi/12.3.1/thumb/v7e-m+fp/hard\libgcc.a
LOAD C:/ST/STM32CubeIDE_1.12.0/STM32CubeIDE/plugins/com.st.stm32cube.ide.mcu.externaltools.gnu-tools-for-stm32.12.3.rel1.win32_1.0.100.202403111256/tools/bin/../lib/gcc/arm-none-eabi/12.3.1/../../../../arm-none-eabi/lib/thumb/v7e-m+fp/hard\libc_nano.a
LOAD C:/ST/STM32CubeIDE_1.12.0/STM32CubeIDE/plugins/com.st.stm32cube.ide.mcu.externaltools.gnu-tools-for-stm32.12.3.rel1.win32_1.0.100.202403111256/tools/bin/../lib/gcc/arm-none-eabi/12.3.1/../../../../arm-none-eabi/lib/thumb/v7e-m+fp/hard\libnosys.a
END GROUP
LOAD C:/ST/STM32CubeIDE_1.12.0/STM32CubeIDE/plugins/com.st.stm32cube.ide.mcu.externaltools.gnu-tools-for-stm32.12.3.rel1.win32_1.0.100.202403111256/tools/bin/../lib/gcc/arm-none-eabi/12.3.1/thumb/v7e-m+fp/hard/crtend.o
LOAD C:/ST/STM32CubeIDE_1.12.0/STM32CubeIDE/plugins/com.st.stm32cube.ide.mcu.externaltools.gnu-tools-for-stm32.12.3.rel1.win32_1.0.100.202403111256/tools/bin/../lib/gcc/arm-none-eabi/12.3.1/thumb/v7e-m+fp/hard/crtn.o
                0x20020000                        _estack = (ORIGIN (RAM) + LENGTH (RAM))
                0x00000200                        _Min_Heap_Size = 0x200
                0x00000400                        _Min_Stack_Size = 0x400

.isr_vector     0x08000000      0x1c4
                0x08000000                        . = ALIGN (0x4)
 *(.isr_vector)
 .isr_vector    0x08000000      0x1c4 ./Core/Startup/startup_stm32f446retx.o
                0x08000000                g_pfnVectors
                0x080001c4                        . = ALIGN (0x4)

.text           0x080001d0     0x977c
                0x080001d0                        . = ALIGN (0x4)
 *(.text)
 .text          0x080001d0       0x40 C:/ST/STM32CubeIDE_1.12.0/STM32CubeIDE/plugins/com.st.stm32cube.ide.mcu.externaltools.gnu-tools-for-stm32.12.3.rel1.win32_1.0.100.202403111256/tools/bin/../lib/gcc/arm-none-eabi/12.3.1/thumb/v7e-m+fp/hard/crtbegin.o
 .text          0x08000210       0x14 C:/ST/STM32CubeIDE_1.12.0/STM32CubeIDE/plugins/com.st.stm32cube.ide.mcu.externaltools.gnu-tools-for-stm32.12.3.rel1.win32_1.0.100.202403111256/tools/bin/../lib/gcc/arm-none-eabi/12.3.1/../../../../arm-none-eabi/lib/thumb/v7e-m+fp/hard\libc_nano.a(libc_a-strcmp.o)
                0x08000210                strcmp
 .text          0x08000224       0x10 C:/ST/STM32CubeIDE_1.12.0/STM32CubeIDE/plugins/com.st.stm32cube.ide.mcu.externaltools.gnu-tools-for-stm32.12.3.rel1.win32_1.0.100.202403111256/tools/bin/../lib/gcc/arm-none-eabi/12.3.1/../../../../arm-none-eabi/lib/thumb/v7e-m+fp/hard\libc_nano.a(libc_a-strlen.o)
                0x08000224                strlen
 *fill*         0x08000234        0xc 
 .text          0x08000240       0xa0 C:/ST/STM32CubeIDE_1.12.0/STM32CubeIDE/plugins/com.st.stm32cube.ide.mcu.externaltools.gnu-tools-for-stm32.12.3.rel1.win32_1.0.100.202403111256/tools/bin/../lib/gcc/arm-none-eabi/12.3.1/../../../../arm-none-eabi/lib/thumb/v7e-m+fp/hard\libc_nano.a(libc_a-memchr.o)
                0x08000240                memchr
 .text          0x080002e0       0x30 C:/ST/STM32CubeIDE_1.12.0/STM32CubeIDE/plugins/com.st.stm32cube.ide.mcu.externaltools.gnu-tools-for-stm32.12.3.rel1.win32_1.0.100.202403111256/tools/bin/../lib/gcc/arm-none-eabi/12.3.1/thumb/v7e-m+fp/hard\libgcc.a(_aeabi_uldivmod.o)
                0x080002e0                __aeabi_uldivmod
 .text          0x08000310      0x2bc C:/ST/STM32CubeIDE_1.12.0/STM32CubeIDE/plugins/com.st.stm32cube.ide.mcu.externaltools.gnu-tools-for-stm32.12.3.rel1.win32_1.0.100.202403111256/tools/bin/../lib/gcc/arm-none-eabi/12.3.1/thumb/v7e-m+fp/hard\libgcc.a(_udivmoddi4.o)
                0x08000310                __udivmoddi4
 .text          0x080005cc        0x4 C:/ST/STM32CubeIDE_1.12.0/STM32CubeIDE/plugins/com.st.stm32cube.ide.mcu.externaltools.gnu-tools-for-stm32.12.3.rel1.win32_1.0.100.202403111256/tools/bin/../lib/gcc/arm-none-eabi/12.3.1/thumb/v7e-m+fp/hard\libgcc.a(_dvmd_tls.o)
                0x080005cc                __aeabi_idiv0
                0x080005cc                __aeabi_ldiv0
 *(.text*)
 .text.vListInitialise
                0x080005d0       0x40 ./Common/ThirdParty/FreeRTOS/list.o
                0x080005d0                vListInitialise
 .text.vListInitialiseItem
                0x08000610       0x1a ./Common/ThirdParty/FreeRTOS/list.o
                0x08000610                vListInitialiseItem
 .text.vListInsertEnd
                0x0800062a       0x48 ./Common/ThirdParty/FreeRTOS/list.o
                0x0800062a                vListInsertEnd
 .text.vListInsert
                0x08000672       0x72 ./Common/ThirdParty/FreeRTOS/list.o
                0x08000672                vListInsert
 .text.uxListRemove
                0x080006e4       0x54 ./Common/ThirdParty/FreeRTOS/list.o
                0x080006e4                uxListRemove
 .text.xQueueGenericReset
                0x08000738      0x124 ./Common/ThirdParty/FreeRTOS/queue.o
                0x08000738                xQueueGenericReset
 .text.xQueueGenericCreate
                0x0800085c       0x9e ./Common/ThirdParty/FreeRTOS/queue.o
                0x0800085c                xQueueGenericCreate
 .text.prvInitialiseNewQueue
                0x080008fa       0x46 ./Common/ThirdParty/FreeRTOS/queue.o
 .text.xQueueGenericSend
                0x08000940      0x204 ./Common/ThirdParty/FreeRTOS/queue.o
                0x08000940                xQueueGenericSend
 .text.xQueueGenericSendFromISR
                0x08000b44      0x16c ./Common/ThirdParty/FreeRTOS/queue.o
                0x08000b44                xQueueGenericSendFromISR
 .text.xQueueReceive
                0x08000cb0      0x1c4 ./Common/ThirdParty/FreeRTOS/queue.o
                0x08000cb0                xQueueReceive
 .text.uxQueueMessagesWaiting
                0x08000e74       0x3e ./Common/ThirdParty/FreeRTOS/queue.o
                0x08000e74                uxQueueMessagesWaiting
 .text.prvCopyDataToQueue
                0x08000eb2       0xd4 ./Common/ThirdParty/FreeRTOS/queue.o
 .text.prvCopyDataFromQueue
                0x08000f86       0x4c ./Common/ThirdParty/FreeRTOS/queue.o
 .text.prvUnlockQueue
                0x08000fd2       0xa4 ./Common/ThirdParty/FreeRTOS/queue.o
 .text.prvIsQueueEmpty
                0x08001076       0x2c ./Common/ThirdParty/FreeRTOS/queue.o
 .text.prvIsQueueFull
                0x080010a2       0x30 ./Common/ThirdParty/FreeRTOS/queue.o
 .text.xQueueIsQueueFullFromISR
                0x080010d2       0x4e ./Common/ThirdParty/FreeRTOS/queue.o
                0x080010d2                xQueueIsQueueFullFromISR
 .text.vQueueAddToRegistry
                0x08001120       0xa0 ./Common/ThirdParty/FreeRTOS/queue.o
                0x08001120                vQueueAddToRegistry
 .text.vQueueWaitForMessageRestricted
                0x080011c0       0x68 ./Common/ThirdParty/FreeRTOS/queue.o
                0x080011c0                vQueueWaitForMessageRestricted
 .text.xTaskCreate
                0x08001228       0x8c ./Common/ThirdParty/FreeRTOS/tasks.o
                0x08001228                xTaskCreate
 .text.prvInitialiseNewTask
                0x080012b4      0x120 ./Common/ThirdParty/FreeRTOS/tasks.o
 .text.prvAddNewTaskToReadyList
                0x080013d4      0x12c ./Common/ThirdParty/FreeRTOS/tasks.o
 .text.vTaskStartScheduler
                0x08001500       0xa4 ./Common/ThirdParty/FreeRTOS/tasks.o
                0x08001500                vTaskStartScheduler
 .text.vTaskSuspendAll
                0x080015a4       0x1c ./Common/ThirdParty/FreeRTOS/tasks.o
                0x080015a4                vTaskSuspendAll
 .text.xTaskResumeAll
                0x080015c0      0x1f8 ./Common/ThirdParty/FreeRTOS/tasks.o
                0x080015c0                xTaskResumeAll
 .text.xTaskGetTickCount
                0x080017b8       0x20 ./Common/ThirdParty/FreeRTOS/tasks.o
                0x080017b8                xTaskGetTickCount
 .text.uxTaskGetNumberOfTasks
                0x080017d8       0x18 ./Common/ThirdParty/FreeRTOS/tasks.o
                0x080017d8                uxTaskGetNumberOfTasks
 .text.xTaskIncrementTick
                0x080017f0      0x230 ./Common/ThirdParty/FreeRTOS/tasks.o
                0x080017f0                xTaskIncrementTick
 .text.vTaskSwitchContext
                0x08001a20       0xb8 ./Common/ThirdParty/FreeRTOS/tasks.o
                0x08001a20                vTaskSwitchContext
 .text.vTaskPlaceOnEventList
                0x08001ad8       0x4c ./Common/ThirdParty/FreeRTOS/tasks.o
                0x08001ad8                vTaskPlaceOnEventList
 .text.vTaskPlaceOnEventListRestricted
                0x08001b24       0x8c ./Common/ThirdParty/FreeRTOS/tasks.o
                0x08001b24                vTaskPlaceOnEventListRestricted
 .text.xTaskRemoveFromEventList
                0x08001bb0      0x1b0 ./Common/ThirdParty/FreeRTOS/tasks.o
                0x08001bb0                xTaskRemoveFromEventList
 .text.vTaskInternalSetTimeOutState
                0x08001d60       0x2c ./Common/ThirdParty/FreeRTOS/tasks.o
                0x08001d60                vTaskInternalSetTimeOutState
 .text.xTaskCheckForTimeOut
                0x08001d8c       0xd0 ./Common/ThirdParty/FreeRTOS/tasks.o
                0x08001d8c                xTaskCheckForTimeOut
 .text.vTaskMissedYield
                0x08001e5c       0x18 ./Common/ThirdParty/FreeRTOS/tasks.o
                0x08001e5c                vTaskMissedYield
 .text.prvIdleTask
                0x08001e74       0x30 ./Common/ThirdParty/FreeRTOS/tasks.o
 .text.prvInitialiseTaskLists
                0x08001ea4       0x80 ./Common/ThirdParty/FreeRTOS/tasks.o
 .text.prvCheckTasksWaitingTermination
                0x08001f24       0x5c ./Common/ThirdParty/FreeRTOS/tasks.o
 .text.prvDeleteTCB
                0x08001f80       0x20 ./Common/ThirdParty/FreeRTOS/tasks.o
 .text.prvResetNextTaskUnblockTime
                0x08001fa0       0x38 ./Common/ThirdParty/FreeRTOS/tasks.o
 .text.xTaskGetSchedulerState
                0x08001fd8       0x3c ./Common/ThirdParty/FreeRTOS/tasks.o
                0x08001fd8                xTaskGetSchedulerState
 .text.xTaskPriorityDisinherit
                0x08002014       0xf8 ./Common/ThirdParty/FreeRTOS/tasks.o
                0x08002014                xTaskPriorityDisinherit
 .text.xTaskGenericNotifyWait
                0x0800210c      0x10c ./Common/ThirdParty/FreeRTOS/tasks.o
                0x0800210c                xTaskGenericNotifyWait
 .text.xTaskGenericNotify
                0x08002218      0x25c ./Common/ThirdParty/FreeRTOS/tasks.o
                0x08002218                xTaskGenericNotify
 .text.xTaskGenericNotifyFromISR
                0x08002474      0x2cc ./Common/ThirdParty/FreeRTOS/tasks.o
                0x08002474                xTaskGenericNotifyFromISR
 .text.prvAddCurrentTaskToDelayedList
                0x08002740      0x100 ./Common/ThirdParty/FreeRTOS/tasks.o
 .text.xTimerCreateTimerTask
                0x08002840       0x68 ./Common/ThirdParty/FreeRTOS/timers.o
                0x08002840                xTimerCreateTimerTask
 .text.xTimerCreate
                0x080028a8       0x42 ./Common/ThirdParty/FreeRTOS/timers.o
                0x080028a8                xTimerCreate
 .text.prvInitialiseNewTimer
                0x080028ea       0x72 ./Common/ThirdParty/FreeRTOS/timers.o
 .text.xTimerGenericCommand
                0x0800295c       0x9c ./Common/ThirdParty/FreeRTOS/timers.o
                0x0800295c                xTimerGenericCommand
 .text.prvReloadTimer
                0x080029f8       0x42 ./Common/ThirdParty/FreeRTOS/timers.o
 *fill*         0x08002a3a        0x2 
 .text.prvProcessExpiredTimer
                0x08002a3c       0x60 ./Common/ThirdParty/FreeRTOS/timers.o
 .text.prvTimerTask
                0x08002a9c       0x26 ./Common/ThirdParty/FreeRTOS/timers.o
 *fill*         0x08002ac2        0x2 
 .text.prvProcessTimerOrBlockTask
                0x08002ac4       0x9c ./Common/ThirdParty/FreeRTOS/timers.o
 .text.prvGetNextExpireTime
                0x08002b60       0x48 ./Common/ThirdParty/FreeRTOS/timers.o
 .text.prvSampleTimeNow
                0x08002ba8       0x40 ./Common/ThirdParty/FreeRTOS/timers.o
 .text.prvInsertTimerInActiveList
                0x08002be8       0x84 ./Common/ThirdParty/FreeRTOS/timers.o
 .text.prvProcessReceivedCommands
                0x08002c6c      0x184 ./Common/ThirdParty/FreeRTOS/timers.o
 .text.prvSwitchTimerLists
                0x08002df0       0x4c ./Common/ThirdParty/FreeRTOS/timers.o
 .text.prvCheckForValidListAndQueue
                0x08002e3c       0x6c ./Common/ThirdParty/FreeRTOS/timers.o
 .text.pvTimerGetTimerID
                0x08002ea8       0x42 ./Common/ThirdParty/FreeRTOS/timers.o
                0x08002ea8                pvTimerGetTimerID
 *fill*         0x08002eea        0x2 
 .text.pxPortInitialiseStack
                0x08002eec       0x68 ./Common/ThirdParty/FreeRTOS/portable/GCC/ARM_CM4F/port.o
                0x08002eec                pxPortInitialiseStack
 .text.prvTaskExitError
                0x08002f54       0x5c ./Common/ThirdParty/FreeRTOS/portable/GCC/ARM_CM4F/port.o
 .text.SVC_Handler
                0x08002fb0       0x28 ./Common/ThirdParty/FreeRTOS/portable/GCC/ARM_CM4F/port.o
                0x08002fb0                SVC_Handler
 .text.prvPortStartFirstTask
                0x08002fd8       0x2c ./Common/ThirdParty/FreeRTOS/portable/GCC/ARM_CM4F/port.o
 .text.xPortStartScheduler
                0x08003004      0x148 ./Common/ThirdParty/FreeRTOS/portable/GCC/ARM_CM4F/port.o
                0x08003004                xPortStartScheduler
 .text.vPortEnterCritical
                0x0800314c       0x64 ./Common/ThirdParty/FreeRTOS/portable/GCC/ARM_CM4F/port.o
                0x0800314c                vPortEnterCritical
 .text.vPortExitCritical
                0x080031b0       0x54 ./Common/ThirdParty/FreeRTOS/portable/GCC/ARM_CM4F/port.o
                0x080031b0                vPortExitCritical
 *fill*         0x08003204        0xc 
 .text.PendSV_Handler
                0x08003210       0x68 ./Common/ThirdParty/FreeRTOS/portable/GCC/ARM_CM4F/port.o
                0x08003210                PendSV_Handler
 .text.SysTick_Handler
                0x08003278       0x44 ./Common/ThirdParty/FreeRTOS/portable/GCC/ARM_CM4F/port.o
                0x08003278                SysTick_Handler
 .text.vPortSetupTimerInterrupt
                0x080032bc       0x48 ./Common/ThirdParty/FreeRTOS/portable/GCC/ARM_CM4F/port.o
                0x080032bc                vPortSetupTimerInterrupt
 .text.vPortEnableVFP
                0x08003304       0x18 ./Common/ThirdParty/FreeRTOS/portable/GCC/ARM_CM4F/port.o
 .text.vPortValidateInterruptPriority
                0x0800331c       0x84 ./Common/ThirdParty/FreeRTOS/portable/GCC/ARM_CM4F/port.o
                0x0800331c                vPortValidateInterruptPriority
 .text.pvPortMalloc
                0x080033a0      0x178 ./Common/ThirdParty/FreeRTOS/portable/MemMang/heap_4.o
                0x080033a0                pvPortMalloc
 .text.vPortFree
                0x08003518       0xbc ./Common/ThirdParty/FreeRTOS/portable/MemMang/heap_4.o
                0x08003518                vPortFree
 .text.prvHeapInit
                0x080035d4       0xb8 ./Common/ThirdParty/FreeRTOS/portable/MemMang/heap_4.o
 .text.prvInsertBlockIntoFreeList
                0x0800368c       0xb4 ./Common/ThirdParty/FreeRTOS/portable/MemMang/heap_4.o
 .text.DateTime_voidShowDateTime
                0x08003740       0xcc ./Core/Src/DateTime.o
                0x08003740                DateTime_voidShowDateTime
 .text.DateTime_voidConfigDate
                0x0800380c       0x48 ./Core/Src/DateTime.o
                0x0800380c                DateTime_voidConfigDate
 .text.DateTime_voidConfigTime
                0x08003854       0x58 ./Core/Src/DateTime.o
                0x08003854                DateTime_voidConfigTime
 .text.DateTime_u8IsDateCfgValid
                0x080038ac       0xb8 ./Core/Src/DateTime.o
                0x080038ac                DateTime_u8IsDateCfgValid
 .text.DateTime_u8IsTimeCfgValid
                0x08003964       0x56 ./Core/Src/DateTime.o
                0x08003964                DateTime_u8IsTimeCfgValid
 *fill*         0x080039ba        0x2 
 .text.DateTime_voidReportDateTime_ITM
                0x080039bc       0x84 ./Core/Src/DateTime.o
                0x080039bc                DateTime_voidReportDateTime_ITM
 .text.LedEffectStop
                0x08003a40       0x48 ./Core/Src/LedEffect.o
                0x08003a40                LedEffectStop
 .text.LedEffectStart
                0x08003a88       0x3c ./Core/Src/LedEffect.o
                0x08003a88                LedEffectStart
 .text.LedEffectAction1
                0x08003ac4       0x44 ./Core/Src/LedEffect.o
                0x08003ac4                LedEffectAction1
 .text.LedEffectAction2
                0x08003b08       0x38 ./Core/Src/LedEffect.o
                0x08003b08                LedEffectAction2
 .text.LedEffectAction3
                0x08003b40       0x30 ./Core/Src/LedEffect.o
                0x08003b40                LedEffectAction3
 .text.LedEffectAction4
                0x08003b70       0x30 ./Core/Src/LedEffect.o
                0x08003b70                LedEffectAction4
 .text.TurnOnEvenLeds
                0x08003ba0       0x68 ./Core/Src/LedEffect.o
 .text.TurnOnOddLeds
                0x08003c08       0x68 ./Core/Src/LedEffect.o
 .text.LedControl
                0x08003c70       0x60 ./Core/Src/LedEffect.o
 .text.LedTurnOff
                0x08003cd0       0x34 ./Core/Src/LedEffect.o
 .text.MenuTask
                0x08003d04       0xf4 ./Core/Src/TaskHandlers.o
                0x08003d04                MenuTask
 .text.LEDTask  0x08003df8      0x12c ./Core/Src/TaskHandlers.o
                0x08003df8                LEDTask
 .text.RTCTask  0x08003f24       0xfc ./Core/Src/TaskHandlers.o
                0x08003f24                RTCTask
 .text.CmdHandlerTask
                0x08004020       0x2e ./Core/Src/TaskHandlers.o
                0x08004020                CmdHandlerTask
 *fill*         0x0800404e        0x2 
 .text.PrintTask
                0x08004050       0x44 ./Core/Src/TaskHandlers.o
                0x08004050                PrintTask
 .text.ProcessCommand
                0x08004094       0x78 ./Core/Src/TaskHandlers.o
 .text.ExtractCommand
                0x0800410c       0x64 ./Core/Src/TaskHandlers.o
 .text.u8StrToNum
                0x08004170       0x68 ./Core/Src/TaskHandlers.o
 .text.RtcMenuHandler
                0x080041d8       0xf4 ./Core/Src/TaskHandlers.o
 .text.RtcTimeCfgHandler
                0x080042cc      0x1ac ./Core/Src/TaskHandlers.o
 .text.RtcDateCfgHandler
                0x08004478      0x1b4 ./Core/Src/TaskHandlers.o
 .text.RtcReportingHandler
                0x0800462c       0xc8 ./Core/Src/TaskHandlers.o
 .text.ITM_SendChar
                0x080046f4       0x4e ./Core/Src/main.o
 *fill*         0x08004742        0x2 
 .text.main     0x08004744      0x250 ./Core/Src/main.o
                0x08004744                main
 .text.SystemClock_Config
                0x08004994       0xe0 ./Core/Src/main.o
                0x08004994                SystemClock_Config
 .text.MX_RTC_Init
                0x08004a74       0x4c ./Core/Src/main.o
 .text.MX_USART2_UART_Init
                0x08004ac0       0x54 ./Core/Src/main.o
 .text.MX_GPIO_Init
                0x08004b14       0xf0 ./Core/Src/main.o
 .text.LedEffectCb
                0x08004c04       0x54 ./Core/Src/main.o
                0x08004c04                LedEffectCb
 .text.ReportTimeCb
                0x08004c58       0x14 ./Core/Src/main.o
                0x08004c58                ReportTimeCb
 .text.HAL_UART_RxCpltCallback
                0x08004c6c       0x84 ./Core/Src/main.o
                0x08004c6c                HAL_UART_RxCpltCallback
 .text.__io_putchar
                0x08004cf0       0x1e ./Core/Src/main.o
                0x08004cf0                __io_putchar
 *fill*         0x08004d0e        0x2 
 .text.HAL_TIM_PeriodElapsedCallback
                0x08004d10       0x24 ./Core/Src/main.o
                0x08004d10                HAL_TIM_PeriodElapsedCallback
 .text.Error_Handler
                0x08004d34        0xc ./Core/Src/main.o
                0x08004d34                Error_Handler
 .text.HAL_MspInit
                0x08004d40       0x50 ./Core/Src/stm32f4xx_hal_msp.o
                0x08004d40                HAL_MspInit
 .text.HAL_RTC_MspInit
                0x08004d90       0x54 ./Core/Src/stm32f4xx_hal_msp.o
                0x08004d90                HAL_RTC_MspInit
 .text.HAL_UART_MspInit
                0x08004de4       0xa0 ./Core/Src/stm32f4xx_hal_msp.o
                0x08004de4                HAL_UART_MspInit
 .text.HAL_InitTick
                0x08004e84       0xf8 ./Core/Src/stm32f4xx_hal_timebase_tim.o
                0x08004e84                HAL_InitTick
 .text.NMI_Handler
                0x08004f7c        0x8 ./Core/Src/stm32f4xx_it.o
                0x08004f7c                NMI_Handler
 .text.HardFault_Handler
                0x08004f84        0x8 ./Core/Src/stm32f4xx_it.o
                0x08004f84                HardFault_Handler
 .text.MemManage_Handler
                0x08004f8c        0x8 ./Core/Src/stm32f4xx_it.o
                0x08004f8c                MemManage_Handler
 .text.BusFault_Handler
                0x08004f94        0x8 ./Core/Src/stm32f4xx_it.o
                0x08004f94                BusFault_Handler
 .text.UsageFault_Handler
                0x08004f9c        0x8 ./Core/Src/stm32f4xx_it.o
                0x08004f9c                UsageFault_Handler
 .text.DebugMon_Handler
                0x08004fa4        0xe ./Core/Src/stm32f4xx_it.o
                0x08004fa4                DebugMon_Handler
 *fill*         0x08004fb2        0x2 
 .text.USART2_IRQHandler
                0x08004fb4       0x14 ./Core/Src/stm32f4xx_it.o
                0x08004fb4                USART2_IRQHandler
 .text.TIM6_DAC_IRQHandler
                0x08004fc8       0x14 ./Core/Src/stm32f4xx_it.o
                0x08004fc8                TIM6_DAC_IRQHandler
 .text._read    0x08004fdc       0x3a ./Core/Src/syscalls.o
                0x08004fdc                _read
 .text._write   0x08005016       0x38 ./Core/Src/syscalls.o
                0x08005016                _write
 .text._close   0x0800504e       0x18 ./Core/Src/syscalls.o
                0x0800504e                _close
 .text._fstat   0x08005066       0x20 ./Core/Src/syscalls.o
                0x08005066                _fstat
 .text._isatty  0x08005086       0x16 ./Core/Src/syscalls.o
                0x08005086                _isatty
 .text._lseek   0x0800509c       0x1a ./Core/Src/syscalls.o
                0x0800509c                _lseek
 *fill*         0x080050b6        0x2 
 .text._sbrk    0x080050b8       0x6c ./Core/Src/sysmem.o
                0x080050b8                _sbrk
 .text.SystemInit
                0x08005124       0x24 ./Core/Src/system_stm32f4xx.o
                0x08005124                SystemInit
 .text.Reset_Handler
                0x08005148       0x50 ./Core/Startup/startup_stm32f446retx.o
                0x08005148                Reset_Handler
 .text.Default_Handler
                0x08005198        0x2 ./Core/Startup/startup_stm32f446retx.o
                0x08005198                RTC_Alarm_IRQHandler
                0x08005198                EXTI2_IRQHandler
                0x08005198                TIM8_CC_IRQHandler
                0x08005198                FMPI2C1_EV_IRQHandler
                0x08005198                SPI4_IRQHandler
                0x08005198                TIM1_CC_IRQHandler
                0x08005198                DMA2_Stream5_IRQHandler
                0x08005198                DMA1_Stream5_IRQHandler
                0x08005198                PVD_IRQHandler
                0x08005198                SDIO_IRQHandler
                0x08005198                TAMP_STAMP_IRQHandler
                0x08005198                CAN2_RX1_IRQHandler
                0x08005198                EXTI3_IRQHandler
                0x08005198                TIM8_TRG_COM_TIM14_IRQHandler
                0x08005198                TIM1_UP_TIM10_IRQHandler
                0x08005198                TIM8_UP_TIM13_IRQHandler
                0x08005198                I2C3_ER_IRQHandler
                0x08005198                EXTI0_IRQHandler
                0x08005198                I2C2_EV_IRQHandler
                0x08005198                DMA1_Stream2_IRQHandler
                0x08005198                CAN1_RX0_IRQHandler
                0x08005198                FPU_IRQHandler
                0x08005198                OTG_HS_WKUP_IRQHandler
                0x08005198                CAN2_SCE_IRQHandler
                0x08005198                DMA2_Stream2_IRQHandler
                0x08005198                SPI1_IRQHandler
                0x08005198                TIM1_BRK_TIM9_IRQHandler
                0x08005198                DCMI_IRQHandler
                0x08005198                CAN2_RX0_IRQHandler
                0x08005198                DMA2_Stream3_IRQHandler
                0x08005198                SAI2_IRQHandler
                0x08005198                USART6_IRQHandler
                0x08005198                USART3_IRQHandler
                0x08005198                CAN1_RX1_IRQHandler
                0x08005198                UART5_IRQHandler
                0x08005198                DMA2_Stream0_IRQHandler
                0x08005198                TIM4_IRQHandler
                0x08005198                QUADSPI_IRQHandler
                0x08005198                I2C1_EV_IRQHandler
                0x08005198                DMA1_Stream6_IRQHandler
                0x08005198                DMA1_Stream1_IRQHandler
                0x08005198                UART4_IRQHandler
                0x08005198                TIM3_IRQHandler
                0x08005198                RCC_IRQHandler
                0x08005198                TIM8_BRK_TIM12_IRQHandler
                0x08005198                Default_Handler
                0x08005198                CEC_IRQHandler
                0x08005198                EXTI15_10_IRQHandler
                0x08005198                ADC_IRQHandler
                0x08005198                DMA1_Stream7_IRQHandler
                0x08005198                TIM7_IRQHandler
                0x08005198                CAN2_TX_IRQHandler
                0x08005198                TIM5_IRQHandler
                0x08005198                DMA2_Stream7_IRQHandler
                0x08005198                I2C3_EV_IRQHandler
                0x08005198                EXTI9_5_IRQHandler
                0x08005198                RTC_WKUP_IRQHandler
                0x08005198                SPDIF_RX_IRQHandler
                0x08005198                SPI2_IRQHandler
                0x08005198                OTG_HS_EP1_IN_IRQHandler
                0x08005198                DMA1_Stream0_IRQHandler
                0x08005198                CAN1_TX_IRQHandler
                0x08005198                FMPI2C1_ER_IRQHandler
                0x08005198                EXTI4_IRQHandler
                0x08005198                OTG_HS_EP1_OUT_IRQHandler
                0x08005198                WWDG_IRQHandler
                0x08005198                TIM2_IRQHandler
                0x08005198                OTG_FS_WKUP_IRQHandler
                0x08005198                TIM1_TRG_COM_TIM11_IRQHandler
                0x08005198                OTG_HS_IRQHandler
                0x08005198                EXTI1_IRQHandler
                0x08005198                I2C2_ER_IRQHandler
                0x08005198                DMA2_Stream1_IRQHandler
                0x08005198                CAN1_SCE_IRQHandler
                0x08005198                FLASH_IRQHandler
                0x08005198                DMA2_Stream4_IRQHandler
                0x08005198                USART1_IRQHandler
                0x08005198                OTG_FS_IRQHandler
                0x08005198                SPI3_IRQHandler
                0x08005198                DMA1_Stream4_IRQHandler
                0x08005198                I2C1_ER_IRQHandler
                0x08005198                FMC_IRQHandler
                0x08005198                DMA2_Stream6_IRQHandler
                0x08005198                SAI1_IRQHandler
                0x08005198                DMA1_Stream3_IRQHandler
 *fill*         0x0800519a        0x2 
 .text.HAL_Init
                0x0800519c       0x44 ./Drivers/STM32F4xx_HAL_Driver/Src/stm32f4xx_hal.o
                0x0800519c                HAL_Init
 .text.HAL_IncTick
                0x080051e0       0x28 ./Drivers/STM32F4xx_HAL_Driver/Src/stm32f4xx_hal.o
                0x080051e0                HAL_IncTick
 .text.HAL_GetTick
                0x08005208       0x18 ./Drivers/STM32F4xx_HAL_Driver/Src/stm32f4xx_hal.o
                0x08005208                HAL_GetTick
 .text.__NVIC_SetPriorityGrouping
                0x08005220       0x48 ./Drivers/STM32F4xx_HAL_Driver/Src/stm32f4xx_hal_cortex.o
 .text.__NVIC_GetPriorityGrouping
                0x08005268       0x1c ./Drivers/STM32F4xx_HAL_Driver/Src/stm32f4xx_hal_cortex.o
 .text.__NVIC_EnableIRQ
                0x08005284       0x3c ./Drivers/STM32F4xx_HAL_Driver/Src/stm32f4xx_hal_cortex.o
 .text.__NVIC_SetPriority
                0x080052c0       0x54 ./Drivers/STM32F4xx_HAL_Driver/Src/stm32f4xx_hal_cortex.o
 .text.NVIC_EncodePriority
                0x08005314       0x66 ./Drivers/STM32F4xx_HAL_Driver/Src/stm32f4xx_hal_cortex.o
 .text.HAL_NVIC_SetPriorityGrouping
                0x0800537a       0x16 ./Drivers/STM32F4xx_HAL_Driver/Src/stm32f4xx_hal_cortex.o
                0x0800537a                HAL_NVIC_SetPriorityGrouping
 .text.HAL_NVIC_SetPriority
                0x08005390       0x38 ./Drivers/STM32F4xx_HAL_Driver/Src/stm32f4xx_hal_cortex.o
                0x08005390                HAL_NVIC_SetPriority
 .text.HAL_NVIC_EnableIRQ
                0x080053c8       0x1c ./Drivers/STM32F4xx_HAL_Driver/Src/stm32f4xx_hal_cortex.o
                0x080053c8                HAL_NVIC_EnableIRQ
 .text.HAL_DMA_Abort
                0x080053e4       0xe0 ./Drivers/STM32F4xx_HAL_Driver/Src/stm32f4xx_hal_dma.o
                0x080053e4                HAL_DMA_Abort
 .text.HAL_DMA_Abort_IT
                0x080054c4       0x44 ./Drivers/STM32F4xx_HAL_Driver/Src/stm32f4xx_hal_dma.o
                0x080054c4                HAL_DMA_Abort_IT
 .text.HAL_GPIO_Init
                0x08005508      0x328 ./Drivers/STM32F4xx_HAL_Driver/Src/stm32f4xx_hal_gpio.o
                0x08005508                HAL_GPIO_Init
 .text.HAL_GPIO_WritePin
                0x08005830       0x32 ./Drivers/STM32F4xx_HAL_Driver/Src/stm32f4xx_hal_gpio.o
                0x08005830                HAL_GPIO_WritePin
 .text.HAL_GPIO_TogglePin
                0x08005862       0x34 ./Drivers/STM32F4xx_HAL_Driver/Src/stm32f4xx_hal_gpio.o
                0x08005862                HAL_GPIO_TogglePin
 *fill*         0x08005896        0x2 
 .text.HAL_RCC_ClockConfig
                0x08005898      0x1cc ./Drivers/STM32F4xx_HAL_Driver/Src/stm32f4xx_hal_rcc.o
                0x08005898                HAL_RCC_ClockConfig
 .text.HAL_RCC_GetHCLKFreq
                0x08005a64       0x18 ./Drivers/STM32F4xx_HAL_Driver/Src/stm32f4xx_hal_rcc.o
                0x08005a64                HAL_RCC_GetHCLKFreq
 .text.HAL_RCC_GetPCLK1Freq
                0x08005a7c       0x28 ./Drivers/STM32F4xx_HAL_Driver/Src/stm32f4xx_hal_rcc.o
                0x08005a7c                HAL_RCC_GetPCLK1Freq
 .text.HAL_RCC_GetPCLK2Freq
                0x08005aa4       0x28 ./Drivers/STM32F4xx_HAL_Driver/Src/stm32f4xx_hal_rcc.o
                0x08005aa4                HAL_RCC_GetPCLK2Freq
 .text.HAL_RCC_GetClockConfig
                0x08005acc       0x64 ./Drivers/STM32F4xx_HAL_Driver/Src/stm32f4xx_hal_rcc.o
                0x08005acc                HAL_RCC_GetClockConfig
 .text.HAL_RCCEx_PeriphCLKConfig
                0x08005b30      0x654 ./Drivers/STM32F4xx_HAL_Driver/Src/stm32f4xx_hal_rcc_ex.o
                0x08005b30                HAL_RCCEx_PeriphCLKConfig
 .text.HAL_RCC_GetSysClockFreq
                0x08006184      0x460 ./Drivers/STM32F4xx_HAL_Driver/Src/stm32f4xx_hal_rcc_ex.o
                0x08006184                HAL_RCC_GetSysClockFreq
 .text.HAL_RCC_OscConfig
                0x080065e4      0x53c ./Drivers/STM32F4xx_HAL_Driver/Src/stm32f4xx_hal_rcc_ex.o
                0x080065e4                HAL_RCC_OscConfig
 .text.HAL_RTC_Init
                0x08006b20      0x106 ./Drivers/STM32F4xx_HAL_Driver/Src/stm32f4xx_hal_rtc.o
                0x08006b20                HAL_RTC_Init
 .text.HAL_RTC_SetTime
                0x08006c26      0x134 ./Drivers/STM32F4xx_HAL_Driver/Src/stm32f4xx_hal_rtc.o
                0x08006c26                HAL_RTC_SetTime
 .text.HAL_RTC_GetTime
                0x08006d5a       0xbc ./Drivers/STM32F4xx_HAL_Driver/Src/stm32f4xx_hal_rtc.o
                0x08006d5a                HAL_RTC_GetTime
 .text.HAL_RTC_SetDate
                0x08006e16      0x108 ./Drivers/STM32F4xx_HAL_Driver/Src/stm32f4xx_hal_rtc.o
                0x08006e16                HAL_RTC_SetDate
 .text.HAL_RTC_GetDate
                0x08006f1e       0x9e ./Drivers/STM32F4xx_HAL_Driver/Src/stm32f4xx_hal_rtc.o
                0x08006f1e                HAL_RTC_GetDate
 .text.HAL_RTC_WaitForSynchro
                0x08006fbc       0x4c ./Drivers/STM32F4xx_HAL_Driver/Src/stm32f4xx_hal_rtc.o
                0x08006fbc                HAL_RTC_WaitForSynchro
 .text.RTC_EnterInitMode
                0x08007008       0x6e ./Drivers/STM32F4xx_HAL_Driver/Src/stm32f4xx_hal_rtc.o
                0x08007008                RTC_EnterInitMode
 .text.RTC_ExitInitMode
                0x08007076       0x4a ./Drivers/STM32F4xx_HAL_Driver/Src/stm32f4xx_hal_rtc.o
                0x08007076                RTC_ExitInitMode
 .text.RTC_ByteToBcd2
                0x080070c0       0x3c ./Drivers/STM32F4xx_HAL_Driver/Src/stm32f4xx_hal_rtc.o
                0x080070c0                RTC_ByteToBcd2
 .text.RTC_Bcd2ToByte
                0x080070fc       0x3c ./Drivers/STM32F4xx_HAL_Driver/Src/stm32f4xx_hal_rtc.o
                0x080070fc                RTC_Bcd2ToByte
 .text.HAL_TIM_Base_Init
                0x08007138       0x9e ./Drivers/STM32F4xx_HAL_Driver/Src/stm32f4xx_hal_tim.o
                0x08007138                HAL_TIM_Base_Init
 .text.HAL_TIM_Base_MspInit
                0x080071d6       0x14 ./Drivers/STM32F4xx_HAL_Driver/Src/stm32f4xx_hal_tim.o
                0x080071d6                HAL_TIM_Base_MspInit
 *fill*         0x080071ea        0x2 
 .text.HAL_TIM_Base_Start_IT
                0x080071ec       0xe0 ./Drivers/STM32F4xx_HAL_Driver/Src/stm32f4xx_hal_tim.o
                0x080071ec                HAL_TIM_Base_Start_IT
 .text.HAL_TIM_IRQHandler
                0x080072cc      0x1e0 ./Drivers/STM32F4xx_HAL_Driver/Src/stm32f4xx_hal_tim.o
                0x080072cc                HAL_TIM_IRQHandler
 .text.HAL_TIM_OC_DelayElapsedCallback
                0x080074ac       0x14 ./Drivers/STM32F4xx_HAL_Driver/Src/stm32f4xx_hal_tim.o
                0x080074ac                HAL_TIM_OC_DelayElapsedCallback
 .text.HAL_TIM_IC_CaptureCallback
                0x080074c0       0x14 ./Drivers/STM32F4xx_HAL_Driver/Src/stm32f4xx_hal_tim.o
                0x080074c0                HAL_TIM_IC_CaptureCallback
 .text.HAL_TIM_PWM_PulseFinishedCallback
                0x080074d4       0x14 ./Drivers/STM32F4xx_HAL_Driver/Src/stm32f4xx_hal_tim.o
                0x080074d4                HAL_TIM_PWM_PulseFinishedCallback
 .text.HAL_TIM_TriggerCallback
                0x080074e8       0x14 ./Drivers/STM32F4xx_HAL_Driver/Src/stm32f4xx_hal_tim.o
                0x080074e8                HAL_TIM_TriggerCallback
 .text.TIM_Base_SetConfig
                0x080074fc      0x158 ./Drivers/STM32F4xx_HAL_Driver/Src/stm32f4xx_hal_tim.o
                0x080074fc                TIM_Base_SetConfig
 .text.HAL_TIMEx_CommutCallback
                0x08007654       0x14 ./Drivers/STM32F4xx_HAL_Driver/Src/stm32f4xx_hal_tim_ex.o
                0x08007654                HAL_TIMEx_CommutCallback
 .text.HAL_TIMEx_BreakCallback
                0x08007668       0x14 ./Drivers/STM32F4xx_HAL_Driver/Src/stm32f4xx_hal_tim_ex.o
                0x08007668                HAL_TIMEx_BreakCallback
 .text.HAL_UART_Init
                0x0800767c       0xa0 ./Drivers/STM32F4xx_HAL_Driver/Src/stm32f4xx_hal_uart.o
                0x0800767c                HAL_UART_Init
 .text.HAL_UART_Transmit
                0x0800771c      0x116 ./Drivers/STM32F4xx_HAL_Driver/Src/stm32f4xx_hal_uart.o
                0x0800771c                HAL_UART_Transmit
 .text.HAL_UART_Receive_IT
                0x08007832       0x4a ./Drivers/STM32F4xx_HAL_Driver/Src/stm32f4xx_hal_uart.o
                0x08007832                HAL_UART_Receive_IT
 .text.HAL_UART_IRQHandler
                0x0800787c      0x524 ./Drivers/STM32F4xx_HAL_Driver/Src/stm32f4xx_hal_uart.o
                0x0800787c                HAL_UART_IRQHandler
 .text.HAL_UART_TxCpltCallback
                0x08007da0       0x14 ./Drivers/STM32F4xx_HAL_Driver/Src/stm32f4xx_hal_uart.o
                0x08007da0                HAL_UART_TxCpltCallback
 .text.HAL_UART_ErrorCallback
                0x08007db4       0x14 ./Drivers/STM32F4xx_HAL_Driver/Src/stm32f4xx_hal_uart.o
                0x08007db4                HAL_UART_ErrorCallback
 .text.HAL_UARTEx_RxEventCallback
                0x08007dc8       0x18 ./Drivers/STM32F4xx_HAL_Driver/Src/stm32f4xx_hal_uart.o
                0x08007dc8                HAL_UARTEx_RxEventCallback
 .text.UART_WaitOnFlagUntilTimeout
                0x08007de0       0xb2 ./Drivers/STM32F4xx_HAL_Driver/Src/stm32f4xx_hal_uart.o
 .text.UART_Start_Receive_IT
                0x08007e92       0x74 ./Drivers/STM32F4xx_HAL_Driver/Src/stm32f4xx_hal_uart.o
                0x08007e92                UART_Start_Receive_IT
 .text.UART_EndRxTransfer
                0x08007f06       0xc6 ./Drivers/STM32F4xx_HAL_Driver/Src/stm32f4xx_hal_uart.o
 .text.UART_DMAAbortOnError
                0x08007fcc       0x28 ./Drivers/STM32F4xx_HAL_Driver/Src/stm32f4xx_hal_uart.o
 .text.UART_Transmit_IT
                0x08007ff4       0xa0 ./Drivers/STM32F4xx_HAL_Driver/Src/stm32f4xx_hal_uart.o
 .text.UART_EndTransmit_IT
                0x08008094       0x30 ./Drivers/STM32F4xx_HAL_Driver/Src/stm32f4xx_hal_uart.o
 .text.UART_Receive_IT
                0x080080c4      0x17c ./Drivers/STM32F4xx_HAL_Driver/Src/stm32f4xx_hal_uart.o
 .text.UART_SetConfig
                0x08008240      0x4e8 ./Drivers/STM32F4xx_HAL_Driver/Src/stm32f4xx_hal_uart.o
 .text.std      0x08008728       0x6c C:/ST/STM32CubeIDE_1.12.0/STM32CubeIDE/plugins/com.st.stm32cube.ide.mcu.externaltools.gnu-tools-for-stm32.12.3.rel1.win32_1.0.100.202403111256/tools/bin/../lib/gcc/arm-none-eabi/12.3.1/../../../../arm-none-eabi/lib/thumb/v7e-m+fp/hard\libc_nano.a(libc_a-findfp.o)
 .text.stdio_exit_handler
                0x08008794       0x18 C:/ST/STM32CubeIDE_1.12.0/STM32CubeIDE/plugins/com.st.stm32cube.ide.mcu.externaltools.gnu-tools-for-stm32.12.3.rel1.win32_1.0.100.202403111256/tools/bin/../lib/gcc/arm-none-eabi/12.3.1/../../../../arm-none-eabi/lib/thumb/v7e-m+fp/hard\libc_nano.a(libc_a-findfp.o)
 .text.cleanup_stdio
                0x080087ac       0x40 C:/ST/STM32CubeIDE_1.12.0/STM32CubeIDE/plugins/com.st.stm32cube.ide.mcu.externaltools.gnu-tools-for-stm32.12.3.rel1.win32_1.0.100.202403111256/tools/bin/../lib/gcc/arm-none-eabi/12.3.1/../../../../arm-none-eabi/lib/thumb/v7e-m+fp/hard\libc_nano.a(libc_a-findfp.o)
 .text.global_stdio_init.part.0
                0x080087ec       0x3c C:/ST/STM32CubeIDE_1.12.0/STM32CubeIDE/plugins/com.st.stm32cube.ide.mcu.externaltools.gnu-tools-for-stm32.12.3.rel1.win32_1.0.100.202403111256/tools/bin/../lib/gcc/arm-none-eabi/12.3.1/../../../../arm-none-eabi/lib/thumb/v7e-m+fp/hard\libc_nano.a(libc_a-findfp.o)
 .text.__sfp_lock_acquire
                0x08008828        0xc C:/ST/STM32CubeIDE_1.12.0/STM32CubeIDE/plugins/com.st.stm32cube.ide.mcu.externaltools.gnu-tools-for-stm32.12.3.rel1.win32_1.0.100.202403111256/tools/bin/../lib/gcc/arm-none-eabi/12.3.1/../../../../arm-none-eabi/lib/thumb/v7e-m+fp/hard\libc_nano.a(libc_a-findfp.o)
                0x08008828                __sfp_lock_acquire
 .text.__sfp_lock_release
                0x08008834        0xc C:/ST/STM32CubeIDE_1.12.0/STM32CubeIDE/plugins/com.st.stm32cube.ide.mcu.externaltools.gnu-tools-for-stm32.12.3.rel1.win32_1.0.100.202403111256/tools/bin/../lib/gcc/arm-none-eabi/12.3.1/../../../../arm-none-eabi/lib/thumb/v7e-m+fp/hard\libc_nano.a(libc_a-findfp.o)
                0x08008834                __sfp_lock_release
 .text.__sinit  0x08008840       0x30 C:/ST/STM32CubeIDE_1.12.0/STM32CubeIDE/plugins/com.st.stm32cube.ide.mcu.externaltools.gnu-tools-for-stm32.12.3.rel1.win32_1.0.100.202403111256/tools/bin/../lib/gcc/arm-none-eabi/12.3.1/../../../../arm-none-eabi/lib/thumb/v7e-m+fp/hard\libc_nano.a(libc_a-findfp.o)
                0x08008840                __sinit
 .text._fwalk_sglue
                0x08008870       0x3c C:/ST/STM32CubeIDE_1.12.0/STM32CubeIDE/plugins/com.st.stm32cube.ide.mcu.externaltools.gnu-tools-for-stm32.12.3.rel1.win32_1.0.100.202403111256/tools/bin/../lib/gcc/arm-none-eabi/12.3.1/../../../../arm-none-eabi/lib/thumb/v7e-m+fp/hard\libc_nano.a(libc_a-fwalk.o)
                0x08008870                _fwalk_sglue
 .text.printf   0x080088ac       0x24 C:/ST/STM32CubeIDE_1.12.0/STM32CubeIDE/plugins/com.st.stm32cube.ide.mcu.externaltools.gnu-tools-for-stm32.12.3.rel1.win32_1.0.100.202403111256/tools/bin/../lib/gcc/arm-none-eabi/12.3.1/../../../../arm-none-eabi/lib/thumb/v7e-m+fp/hard\libc_nano.a(libc_a-printf.o)
                0x080088ac                iprintf
                0x080088ac                printf
 .text.sprintf  0x080088d0       0x40 C:/ST/STM32CubeIDE_1.12.0/STM32CubeIDE/plugins/com.st.stm32cube.ide.mcu.externaltools.gnu-tools-for-stm32.12.3.rel1.win32_1.0.100.202403111256/tools/bin/../lib/gcc/arm-none-eabi/12.3.1/../../../../arm-none-eabi/lib/thumb/v7e-m+fp/hard\libc_nano.a(libc_a-sprintf.o)
                0x080088d0                siprintf
                0x080088d0                sprintf
 .text.__sread  0x08008910       0x22 C:/ST/STM32CubeIDE_1.12.0/STM32CubeIDE/plugins/com.st.stm32cube.ide.mcu.externaltools.gnu-tools-for-stm32.12.3.rel1.win32_1.0.100.202403111256/tools/bin/../lib/gcc/arm-none-eabi/12.3.1/../../../../arm-none-eabi/lib/thumb/v7e-m+fp/hard\libc_nano.a(libc_a-stdio.o)
                0x08008910                __sread
 .text.__swrite
                0x08008932       0x38 C:/ST/STM32CubeIDE_1.12.0/STM32CubeIDE/plugins/com.st.stm32cube.ide.mcu.externaltools.gnu-tools-for-stm32.12.3.rel1.win32_1.0.100.202403111256/tools/bin/../lib/gcc/arm-none-eabi/12.3.1/../../../../arm-none-eabi/lib/thumb/v7e-m+fp/hard\libc_nano.a(libc_a-stdio.o)
                0x08008932                __swrite
 .text.__sseek  0x0800896a       0x24 C:/ST/STM32CubeIDE_1.12.0/STM32CubeIDE/plugins/com.st.stm32cube.ide.mcu.externaltools.gnu-tools-for-stm32.12.3.rel1.win32_1.0.100.202403111256/tools/bin/../lib/gcc/arm-none-eabi/12.3.1/../../../../arm-none-eabi/lib/thumb/v7e-m+fp/hard\libc_nano.a(libc_a-stdio.o)
                0x0800896a                __sseek
 .text.__sclose
                0x0800898e        0x8 C:/ST/STM32CubeIDE_1.12.0/STM32CubeIDE/plugins/com.st.stm32cube.ide.mcu.externaltools.gnu-tools-for-stm32.12.3.rel1.win32_1.0.100.202403111256/tools/bin/../lib/gcc/arm-none-eabi/12.3.1/../../../../arm-none-eabi/lib/thumb/v7e-m+fp/hard\libc_nano.a(libc_a-stdio.o)
                0x0800898e                __sclose
 .text.memset   0x08008996       0x10 C:/ST/STM32CubeIDE_1.12.0/STM32CubeIDE/plugins/com.st.stm32cube.ide.mcu.externaltools.gnu-tools-for-stm32.12.3.rel1.win32_1.0.100.202403111256/tools/bin/../lib/gcc/arm-none-eabi/12.3.1/../../../../arm-none-eabi/lib/thumb/v7e-m+fp/hard\libc_nano.a(libc_a-memset.o)
                0x08008996                memset
 *fill*         0x080089a6        0x2 
 .text._close_r
                0x080089a8       0x20 C:/ST/STM32CubeIDE_1.12.0/STM32CubeIDE/plugins/com.st.stm32cube.ide.mcu.externaltools.gnu-tools-for-stm32.12.3.rel1.win32_1.0.100.202403111256/tools/bin/../lib/gcc/arm-none-eabi/12.3.1/../../../../arm-none-eabi/lib/thumb/v7e-m+fp/hard\libc_nano.a(libc_a-closer.o)
                0x080089a8                _close_r
 .text._lseek_r
                0x080089c8       0x24 C:/ST/STM32CubeIDE_1.12.0/STM32CubeIDE/plugins/com.st.stm32cube.ide.mcu.externaltools.gnu-tools-for-stm32.12.3.rel1.win32_1.0.100.202403111256/tools/bin/../lib/gcc/arm-none-eabi/12.3.1/../../../../arm-none-eabi/lib/thumb/v7e-m+fp/hard\libc_nano.a(libc_a-lseekr.o)
                0x080089c8                _lseek_r
 .text._read_r  0x080089ec       0x24 C:/ST/STM32CubeIDE_1.12.0/STM32CubeIDE/plugins/com.st.stm32cube.ide.mcu.externaltools.gnu-tools-for-stm32.12.3.rel1.win32_1.0.100.202403111256/tools/bin/../lib/gcc/arm-none-eabi/12.3.1/../../../../arm-none-eabi/lib/thumb/v7e-m+fp/hard\libc_nano.a(libc_a-readr.o)
                0x080089ec                _read_r
 .text._write_r
                0x08008a10       0x24 C:/ST/STM32CubeIDE_1.12.0/STM32CubeIDE/plugins/com.st.stm32cube.ide.mcu.externaltools.gnu-tools-for-stm32.12.3.rel1.win32_1.0.100.202403111256/tools/bin/../lib/gcc/arm-none-eabi/12.3.1/../../../../arm-none-eabi/lib/thumb/v7e-m+fp/hard\libc_nano.a(libc_a-writer.o)
                0x08008a10                _write_r
 .text.__errno  0x08008a34        0xc C:/ST/STM32CubeIDE_1.12.0/STM32CubeIDE/plugins/com.st.stm32cube.ide.mcu.externaltools.gnu-tools-for-stm32.12.3.rel1.win32_1.0.100.202403111256/tools/bin/../lib/gcc/arm-none-eabi/12.3.1/../../../../arm-none-eabi/lib/thumb/v7e-m+fp/hard\libc_nano.a(libc_a-errno.o)
                0x08008a34                __errno
 .text.__libc_init_array
                0x08008a40       0x48 C:/ST/STM32CubeIDE_1.12.0/STM32CubeIDE/plugins/com.st.stm32cube.ide.mcu.externaltools.gnu-tools-for-stm32.12.3.rel1.win32_1.0.100.202403111256/tools/bin/../lib/gcc/arm-none-eabi/12.3.1/../../../../arm-none-eabi/lib/thumb/v7e-m+fp/hard\libc_nano.a(libc_a-init.o)
                0x08008a40                __libc_init_array
 .text.__retarget_lock_init_recursive
                0x08008a88        0x2 C:/ST/STM32CubeIDE_1.12.0/STM32CubeIDE/plugins/com.st.stm32cube.ide.mcu.externaltools.gnu-tools-for-stm32.12.3.rel1.win32_1.0.100.202403111256/tools/bin/../lib/gcc/arm-none-eabi/12.3.1/../../../../arm-none-eabi/lib/thumb/v7e-m+fp/hard\libc_nano.a(libc_a-lock.o)
                0x08008a88                __retarget_lock_init_recursive
 .text.__retarget_lock_acquire_recursive
                0x08008a8a        0x2 C:/ST/STM32CubeIDE_1.12.0/STM32CubeIDE/plugins/com.st.stm32cube.ide.mcu.externaltools.gnu-tools-for-stm32.12.3.rel1.win32_1.0.100.202403111256/tools/bin/../lib/gcc/arm-none-eabi/12.3.1/../../../../arm-none-eabi/lib/thumb/v7e-m+fp/hard\libc_nano.a(libc_a-lock.o)
                0x08008a8a                __retarget_lock_acquire_recursive
 .text.__retarget_lock_release_recursive
                0x08008a8c        0x2 C:/ST/STM32CubeIDE_1.12.0/STM32CubeIDE/plugins/com.st.stm32cube.ide.mcu.externaltools.gnu-tools-for-stm32.12.3.rel1.win32_1.0.100.202403111256/tools/bin/../lib/gcc/arm-none-eabi/12.3.1/../../../../arm-none-eabi/lib/thumb/v7e-m+fp/hard\libc_nano.a(libc_a-lock.o)
                0x08008a8c                __retarget_lock_release_recursive
 .text.memcpy   0x08008a8e       0x1c C:/ST/STM32CubeIDE_1.12.0/STM32CubeIDE/plugins/com.st.stm32cube.ide.mcu.externaltools.gnu-tools-for-stm32.12.3.rel1.win32_1.0.100.202403111256/tools/bin/../lib/gcc/arm-none-eabi/12.3.1/../../../../arm-none-eabi/lib/thumb/v7e-m+fp/hard\libc_nano.a(libc_a-memcpy-stub.o)
                0x08008a8e                memcpy
 *fill*         0x08008aaa        0x2 
 .text._free_r  0x08008aac       0x94 C:/ST/STM32CubeIDE_1.12.0/STM32CubeIDE/plugins/com.st.stm32cube.ide.mcu.externaltools.gnu-tools-for-stm32.12.3.rel1.win32_1.0.100.202403111256/tools/bin/../lib/gcc/arm-none-eabi/12.3.1/../../../../arm-none-eabi/lib/thumb/v7e-m+fp/hard\libc_nano.a(libc_a-freer.o)
                0x08008aac                _free_r
 .text.sbrk_aligned
                0x08008b40       0x44 C:/ST/STM32CubeIDE_1.12.0/STM32CubeIDE/plugins/com.st.stm32cube.ide.mcu.externaltools.gnu-tools-for-stm32.12.3.rel1.win32_1.0.100.202403111256/tools/bin/../lib/gcc/arm-none-eabi/12.3.1/../../../../arm-none-eabi/lib/thumb/v7e-m+fp/hard\libc_nano.a(libc_a-mallocr.o)
 .text._malloc_r
                0x08008b84      0x100 C:/ST/STM32CubeIDE_1.12.0/STM32CubeIDE/plugins/com.st.stm32cube.ide.mcu.externaltools.gnu-tools-for-stm32.12.3.rel1.win32_1.0.100.202403111256/tools/bin/../lib/gcc/arm-none-eabi/12.3.1/../../../../arm-none-eabi/lib/thumb/v7e-m+fp/hard\libc_nano.a(libc_a-mallocr.o)
                0x08008b84                _malloc_r
 .text.__malloc_lock
                0x08008c84        0xc C:/ST/STM32CubeIDE_1.12.0/STM32CubeIDE/plugins/com.st.stm32cube.ide.mcu.externaltools.gnu-tools-for-stm32.12.3.rel1.win32_1.0.100.202403111256/tools/bin/../lib/gcc/arm-none-eabi/12.3.1/../../../../arm-none-eabi/lib/thumb/v7e-m+fp/hard\libc_nano.a(libc_a-mlock.o)
                0x08008c84                __malloc_lock
 .text.__malloc_unlock
                0x08008c90        0xc C:/ST/STM32CubeIDE_1.12.0/STM32CubeIDE/plugins/com.st.stm32cube.ide.mcu.externaltools.gnu-tools-for-stm32.12.3.rel1.win32_1.0.100.202403111256/tools/bin/../lib/gcc/arm-none-eabi/12.3.1/../../../../arm-none-eabi/lib/thumb/v7e-m+fp/hard\libc_nano.a(libc_a-mlock.o)
                0x08008c90                __malloc_unlock
 .text.__ssputs_r
                0x08008c9c       0xb6 C:/ST/STM32CubeIDE_1.12.0/STM32CubeIDE/plugins/com.st.stm32cube.ide.mcu.externaltools.gnu-tools-for-stm32.12.3.rel1.win32_1.0.100.202403111256/tools/bin/../lib/gcc/arm-none-eabi/12.3.1/../../../../arm-none-eabi/lib/thumb/v7e-m+fp/hard\libc_nano.a(libc_a-nano-svfprintf.o)
                0x08008c9c                __ssputs_r
 *fill*         0x08008d52        0x2 
 .text._svfprintf_r
                0x08008d54      0x1f8 C:/ST/STM32CubeIDE_1.12.0/STM32CubeIDE/plugins/com.st.stm32cube.ide.mcu.externaltools.gnu-tools-for-stm32.12.3.rel1.win32_1.0.100.202403111256/tools/bin/../lib/gcc/arm-none-eabi/12.3.1/../../../../arm-none-eabi/lib/thumb/v7e-m+fp/hard\libc_nano.a(libc_a-nano-svfprintf.o)
                0x08008d54                _svfiprintf_r
                0x08008d54                _svfprintf_r
 .text.__sfputc_r
                0x08008f4c       0x2e C:/ST/STM32CubeIDE_1.12.0/STM32CubeIDE/plugins/com.st.stm32cube.ide.mcu.externaltools.gnu-tools-for-stm32.12.3.rel1.win32_1.0.100.202403111256/tools/bin/../lib/gcc/arm-none-eabi/12.3.1/../../../../arm-none-eabi/lib/thumb/v7e-m+fp/hard\libc_nano.a(libc_a-nano-vfprintf.o)
 .text.__sfputs_r
                0x08008f7a       0x24 C:/ST/STM32CubeIDE_1.12.0/STM32CubeIDE/plugins/com.st.stm32cube.ide.mcu.externaltools.gnu-tools-for-stm32.12.3.rel1.win32_1.0.100.202403111256/tools/bin/../lib/gcc/arm-none-eabi/12.3.1/../../../../arm-none-eabi/lib/thumb/v7e-m+fp/hard\libc_nano.a(libc_a-nano-vfprintf.o)
                0x08008f7a                __sfputs_r
 *fill*         0x08008f9e        0x2 
 .text._vfprintf_r
                0x08008fa0      0x230 C:/ST/STM32CubeIDE_1.12.0/STM32CubeIDE/plugins/com.st.stm32cube.ide.mcu.externaltools.gnu-tools-for-stm32.12.3.rel1.win32_1.0.100.202403111256/tools/bin/../lib/gcc/arm-none-eabi/12.3.1/../../../../arm-none-eabi/lib/thumb/v7e-m+fp/hard\libc_nano.a(libc_a-nano-vfprintf.o)
                0x08008fa0                _vfprintf_r
                0x08008fa0                _vfiprintf_r
 .text._printf_common
                0x080091d0       0xda C:/ST/STM32CubeIDE_1.12.0/STM32CubeIDE/plugins/com.st.stm32cube.ide.mcu.externaltools.gnu-tools-for-stm32.12.3.rel1.win32_1.0.100.202403111256/tools/bin/../lib/gcc/arm-none-eabi/12.3.1/../../../../arm-none-eabi/lib/thumb/v7e-m+fp/hard\libc_nano.a(libc_a-nano-vfprintf_i.o)
                0x080091d0                _printf_common
 *fill*         0x080092aa        0x2 
 .text._printf_i
                0x080092ac      0x240 C:/ST/STM32CubeIDE_1.12.0/STM32CubeIDE/plugins/com.st.stm32cube.ide.mcu.externaltools.gnu-tools-for-stm32.12.3.rel1.win32_1.0.100.202403111256/tools/bin/../lib/gcc/arm-none-eabi/12.3.1/../../../../arm-none-eabi/lib/thumb/v7e-m+fp/hard\libc_nano.a(libc_a-nano-vfprintf_i.o)
                0x080092ac                _printf_i
 .text.__sflush_r
                0x080094ec      0x108 C:/ST/STM32CubeIDE_1.12.0/STM32CubeIDE/plugins/com.st.stm32cube.ide.mcu.externaltools.gnu-tools-for-stm32.12.3.rel1.win32_1.0.100.202403111256/tools/bin/../lib/gcc/arm-none-eabi/12.3.1/../../../../arm-none-eabi/lib/thumb/v7e-m+fp/hard\libc_nano.a(libc_a-fflush.o)
                0x080094ec                __sflush_r
 .text._fflush_r
                0x080095f4       0x50 C:/ST/STM32CubeIDE_1.12.0/STM32CubeIDE/plugins/com.st.stm32cube.ide.mcu.externaltools.gnu-tools-for-stm32.12.3.rel1.win32_1.0.100.202403111256/tools/bin/../lib/gcc/arm-none-eabi/12.3.1/../../../../arm-none-eabi/lib/thumb/v7e-m+fp/hard\libc_nano.a(libc_a-fflush.o)
                0x080095f4                _fflush_r
 .text.__swbuf_r
                0x08009644       0x7c C:/ST/STM32CubeIDE_1.12.0/STM32CubeIDE/plugins/com.st.stm32cube.ide.mcu.externaltools.gnu-tools-for-stm32.12.3.rel1.win32_1.0.100.202403111256/tools/bin/../lib/gcc/arm-none-eabi/12.3.1/../../../../arm-none-eabi/lib/thumb/v7e-m+fp/hard\libc_nano.a(libc_a-wbuf.o)
                0x08009644                __swbuf_r
 .text.__swsetup_r
                0x080096c0       0xac C:/ST/STM32CubeIDE_1.12.0/STM32CubeIDE/plugins/com.st.stm32cube.ide.mcu.externaltools.gnu-tools-for-stm32.12.3.rel1.win32_1.0.100.202403111256/tools/bin/../lib/gcc/arm-none-eabi/12.3.1/../../../../arm-none-eabi/lib/thumb/v7e-m+fp/hard\libc_nano.a(libc_a-wsetup.o)
                0x080096c0                __swsetup_r
 .text.memmove  0x0800976c       0x34 C:/ST/STM32CubeIDE_1.12.0/STM32CubeIDE/plugins/com.st.stm32cube.ide.mcu.externaltools.gnu-tools-for-stm32.12.3.rel1.win32_1.0.100.202403111256/tools/bin/../lib/gcc/arm-none-eabi/12.3.1/../../../../arm-none-eabi/lib/thumb/v7e-m+fp/hard\libc_nano.a(libc_a-memmove.o)
                0x0800976c                memmove
 .text._sbrk_r  0x080097a0       0x20 C:/ST/STM32CubeIDE_1.12.0/STM32CubeIDE/plugins/com.st.stm32cube.ide.mcu.externaltools.gnu-tools-for-stm32.12.3.rel1.win32_1.0.100.202403111256/tools/bin/../lib/gcc/arm-none-eabi/12.3.1/../../../../arm-none-eabi/lib/thumb/v7e-m+fp/hard\libc_nano.a(libc_a-sbrkr.o)
                0x080097a0                _sbrk_r
 .text._realloc_r
                0x080097c0       0x5c C:/ST/STM32CubeIDE_1.12.0/STM32CubeIDE/plugins/com.st.stm32cube.ide.mcu.externaltools.gnu-tools-for-stm32.12.3.rel1.win32_1.0.100.202403111256/tools/bin/../lib/gcc/arm-none-eabi/12.3.1/../../../../arm-none-eabi/lib/thumb/v7e-m+fp/hard\libc_nano.a(libc_a-reallocr.o)
                0x080097c0                _realloc_r
 .text.__swhatbuf_r
                0x0800981c       0x4c C:/ST/STM32CubeIDE_1.12.0/STM32CubeIDE/plugins/com.st.stm32cube.ide.mcu.externaltools.gnu-tools-for-stm32.12.3.rel1.win32_1.0.100.202403111256/tools/bin/../lib/gcc/arm-none-eabi/12.3.1/../../../../arm-none-eabi/lib/thumb/v7e-m+fp/hard\libc_nano.a(libc_a-makebuf.o)
                0x0800981c                __swhatbuf_r
 .text.__smakebuf_r
                0x08009868       0x78 C:/ST/STM32CubeIDE_1.12.0/STM32CubeIDE/plugins/com.st.stm32cube.ide.mcu.externaltools.gnu-tools-for-stm32.12.3.rel1.win32_1.0.100.202403111256/tools/bin/../lib/gcc/arm-none-eabi/12.3.1/../../../../arm-none-eabi/lib/thumb/v7e-m+fp/hard\libc_nano.a(libc_a-makebuf.o)
                0x08009868                __smakebuf_r
 .text._fstat_r
                0x080098e0       0x24 C:/ST/STM32CubeIDE_1.12.0/STM32CubeIDE/plugins/com.st.stm32cube.ide.mcu.externaltools.gnu-tools-for-stm32.12.3.rel1.win32_1.0.100.202403111256/tools/bin/../lib/gcc/arm-none-eabi/12.3.1/../../../../arm-none-eabi/lib/thumb/v7e-m+fp/hard\libc_nano.a(libc_a-fstatr.o)
                0x080098e0                _fstat_r
 .text._isatty_r
                0x08009904       0x20 C:/ST/STM32CubeIDE_1.12.0/STM32CubeIDE/plugins/com.st.stm32cube.ide.mcu.externaltools.gnu-tools-for-stm32.12.3.rel1.win32_1.0.100.202403111256/tools/bin/../lib/gcc/arm-none-eabi/12.3.1/../../../../arm-none-eabi/lib/thumb/v7e-m+fp/hard\libc_nano.a(libc_a-isattyr.o)
                0x08009904                _isatty_r
 .text._malloc_usable_size_r
                0x08009924       0x10 C:/ST/STM32CubeIDE_1.12.0/STM32CubeIDE/plugins/com.st.stm32cube.ide.mcu.externaltools.gnu-tools-for-stm32.12.3.rel1.win32_1.0.100.202403111256/tools/bin/../lib/gcc/arm-none-eabi/12.3.1/../../../../arm-none-eabi/lib/thumb/v7e-m+fp/hard\libc_nano.a(libc_a-msizer.o)
                0x08009924                _malloc_usable_size_r
 *(.glue_7)
 .glue_7        0x08009934        0x0 linker stubs
 *(.glue_7t)
 .glue_7t       0x08009934        0x0 linker stubs
 *(.eh_frame)
 .eh_frame      0x08009934        0x0 C:/ST/STM32CubeIDE_1.12.0/STM32CubeIDE/plugins/com.st.stm32cube.ide.mcu.externaltools.gnu-tools-for-stm32.12.3.rel1.win32_1.0.100.202403111256/tools/bin/../lib/gcc/arm-none-eabi/12.3.1/thumb/v7e-m+fp/hard/crtbegin.o
 *(.init)
 .init          0x08009934        0x4 C:/ST/STM32CubeIDE_1.12.0/STM32CubeIDE/plugins/com.st.stm32cube.ide.mcu.externaltools.gnu-tools-for-stm32.12.3.rel1.win32_1.0.100.202403111256/tools/bin/../lib/gcc/arm-none-eabi/12.3.1/thumb/v7e-m+fp/hard/crti.o
                0x08009934                _init
 .init          0x08009938        0x8 C:/ST/STM32CubeIDE_1.12.0/STM32CubeIDE/plugins/com.st.stm32cube.ide.mcu.externaltools.gnu-tools-for-stm32.12.3.rel1.win32_1.0.100.202403111256/tools/bin/../lib/gcc/arm-none-eabi/12.3.1/thumb/v7e-m+fp/hard/crtn.o
 *(.fini)
 .fini          0x08009940        0x4 C:/ST/STM32CubeIDE_1.12.0/STM32CubeIDE/plugins/com.st.stm32cube.ide.mcu.externaltools.gnu-tools-for-stm32.12.3.rel1.win32_1.0.100.202403111256/tools/bin/../lib/gcc/arm-none-eabi/12.3.1/thumb/v7e-m+fp/hard/crti.o
                0x08009940                _fini
 .fini          0x08009944        0x8 C:/ST/STM32CubeIDE_1.12.0/STM32CubeIDE/plugins/com.st.stm32cube.ide.mcu.externaltools.gnu-tools-for-stm32.12.3.rel1.win32_1.0.100.202403111256/tools/bin/../lib/gcc/arm-none-eabi/12.3.1/thumb/v7e-m+fp/hard/crtn.o
                0x0800994c                        . = ALIGN (0x4)
                0x0800994c                        _etext = .

.vfp11_veneer   0x0800994c        0x0
 .vfp11_veneer  0x0800994c        0x0 linker stubs

.v4_bx          0x0800994c        0x0
 .v4_bx         0x0800994c        0x0 linker stubs

.iplt           0x0800994c        0x0
 .iplt          0x0800994c        0x0 C:/ST/STM32CubeIDE_1.12.0/STM32CubeIDE/plugins/com.st.stm32cube.ide.mcu.externaltools.gnu-tools-for-stm32.12.3.rel1.win32_1.0.100.202403111256/tools/bin/../lib/gcc/arm-none-eabi/12.3.1/thumb/v7e-m+fp/hard/crtbegin.o

.rodata         0x0800994c      0x674
                0x0800994c                        . = ALIGN (0x4)
 *(.rodata)
 .rodata        0x0800994c        0x5 ./Common/ThirdParty/FreeRTOS/tasks.o
 *fill*         0x08009951        0x3 
 .rodata        0x08009954        0xd ./Common/ThirdParty/FreeRTOS/timers.o
 *fill*         0x08009961        0x3 
 .rodata        0x08009964       0x97 ./Core/Src/DateTime.o
 *fill*         0x080099fb        0x1 
 .rodata        0x080099fc      0x51d ./Core/Src/TaskHandlers.o
 *fill*         0x08009f19        0x3 
 .rodata        0x08009f1c       0x58 ./Core/Src/main.o
 *(.rodata*)
 .rodata.AHBPrescTable
                0x08009f74       0x10 ./Core/Src/system_stm32f4xx.o
                0x08009f74                AHBPrescTable
 .rodata.APBPrescTable
                0x08009f84        0x8 ./Core/Src/system_stm32f4xx.o
                0x08009f84                APBPrescTable
 .rodata._svfprintf_r.str1.1
                0x08009f8c       0x11 C:/ST/STM32CubeIDE_1.12.0/STM32CubeIDE/plugins/com.st.stm32cube.ide.mcu.externaltools.gnu-tools-for-stm32.12.3.rel1.win32_1.0.100.202403111256/tools/bin/../lib/gcc/arm-none-eabi/12.3.1/../../../../arm-none-eabi/lib/thumb/v7e-m+fp/hard\libc_nano.a(libc_a-nano-svfprintf.o)
 .rodata._vfprintf_r.str1.1
                0x08009f9d       0x11 C:/ST/STM32CubeIDE_1.12.0/STM32CubeIDE/plugins/com.st.stm32cube.ide.mcu.externaltools.gnu-tools-for-stm32.12.3.rel1.win32_1.0.100.202403111256/tools/bin/../lib/gcc/arm-none-eabi/12.3.1/../../../../arm-none-eabi/lib/thumb/v7e-m+fp/hard\libc_nano.a(libc_a-nano-vfprintf.o)
 .rodata._printf_i.str1.1
                0x08009f9d       0x22 C:/ST/STM32CubeIDE_1.12.0/STM32CubeIDE/plugins/com.st.stm32cube.ide.mcu.externaltools.gnu-tools-for-stm32.12.3.rel1.win32_1.0.100.202403111256/tools/bin/../lib/gcc/arm-none-eabi/12.3.1/../../../../arm-none-eabi/lib/thumb/v7e-m+fp/hard\libc_nano.a(libc_a-nano-vfprintf_i.o)
                0x08009fc0                        . = ALIGN (0x4)
 *fill*         0x08009fbf        0x1 

.ARM.extab      0x08009fc0        0x0
                0x08009fc0                        . = ALIGN (0x4)
 *(.ARM.extab* .gnu.linkonce.armextab.*)
                0x08009fc0                        . = ALIGN (0x4)

.ARM            0x08009fc0        0x8
                0x08009fc0                        . = ALIGN (0x4)
                0x08009fc0                        __exidx_start = .
 *(.ARM.exidx*)
 .ARM.exidx     0x08009fc0        0x8 C:/ST/STM32CubeIDE_1.12.0/STM32CubeIDE/plugins/com.st.stm32cube.ide.mcu.externaltools.gnu-tools-for-stm32.12.3.rel1.win32_1.0.100.202403111256/tools/bin/../lib/gcc/arm-none-eabi/12.3.1/../../../../arm-none-eabi/lib/thumb/v7e-m+fp/hard\libc_nano.a(libc_a-strcmp.o)
 .ARM.exidx     0x08009fc8        0x0 C:/ST/STM32CubeIDE_1.12.0/STM32CubeIDE/plugins/com.st.stm32cube.ide.mcu.externaltools.gnu-tools-for-stm32.12.3.rel1.win32_1.0.100.202403111256/tools/bin/../lib/gcc/arm-none-eabi/12.3.1/../../../../arm-none-eabi/lib/thumb/v7e-m+fp/hard\libc_nano.a(libc_a-strlen.o)
                                  0x8 (size before relaxing)
 .ARM.exidx     0x08009fc8        0x0 C:/ST/STM32CubeIDE_1.12.0/STM32CubeIDE/plugins/com.st.stm32cube.ide.mcu.externaltools.gnu-tools-for-stm32.12.3.rel1.win32_1.0.100.202403111256/tools/bin/../lib/gcc/arm-none-eabi/12.3.1/../../../../arm-none-eabi/lib/thumb/v7e-m+fp/hard\libc_nano.a(libc_a-memchr.o)
                                  0x8 (size before relaxing)
 .ARM.exidx     0x08009fc8        0x0 C:/ST/STM32CubeIDE_1.12.0/STM32CubeIDE/plugins/com.st.stm32cube.ide.mcu.externaltools.gnu-tools-for-stm32.12.3.rel1.win32_1.0.100.202403111256/tools/bin/../lib/gcc/arm-none-eabi/12.3.1/thumb/v7e-m+fp/hard\libgcc.a(_udivmoddi4.o)
                                  0x8 (size before relaxing)
                0x08009fc8                        __exidx_end = .
                0x08009fc8                        . = ALIGN (0x4)

.preinit_array  0x08009fc8        0x0
                0x08009fc8                        . = ALIGN (0x4)
                0x08009fc8                        PROVIDE (__preinit_array_start = .)
 *(.preinit_array*)
                0x08009fc8                        PROVIDE (__preinit_array_end = .)
                0x08009fc8                        . = ALIGN (0x4)

.init_array     0x08009fc8        0x4
                0x08009fc8                        . = ALIGN (0x4)
                0x08009fc8                        PROVIDE (__init_array_start = .)
 *(SORT_BY_NAME(.init_array.*))
 *(.init_array*)
 .init_array    0x08009fc8        0x4 C:/ST/STM32CubeIDE_1.12.0/STM32CubeIDE/plugins/com.st.stm32cube.ide.mcu.externaltools.gnu-tools-for-stm32.12.3.rel1.win32_1.0.100.202403111256/tools/bin/../lib/gcc/arm-none-eabi/12.3.1/thumb/v7e-m+fp/hard/crtbegin.o
                0x08009fcc                        PROVIDE (__init_array_end = .)
                0x08009fcc                        . = ALIGN (0x4)

.fini_array     0x08009fcc        0x4
                0x08009fcc                        . = ALIGN (0x4)
                [!provide]                        PROVIDE (__fini_array_start = .)
 *(SORT_BY_NAME(.fini_array.*))
 *(.fini_array*)
 .fini_array    0x08009fcc        0x4 C:/ST/STM32CubeIDE_1.12.0/STM32CubeIDE/plugins/com.st.stm32cube.ide.mcu.externaltools.gnu-tools-for-stm32.12.3.rel1.win32_1.0.100.202403111256/tools/bin/../lib/gcc/arm-none-eabi/12.3.1/thumb/v7e-m+fp/hard/crtbegin.o
                [!provide]                        PROVIDE (__fini_array_end = .)
                0x08009fd0                        . = ALIGN (0x4)
                0x08009fd0                        _sidata = LOADADDR (.data)

.rel.dyn        0x08009fd0        0x0
 .rel.iplt      0x08009fd0        0x0 C:/ST/STM32CubeIDE_1.12.0/STM32CubeIDE/plugins/com.st.stm32cube.ide.mcu.externaltools.gnu-tools-for-stm32.12.3.rel1.win32_1.0.100.202403111256/tools/bin/../lib/gcc/arm-none-eabi/12.3.1/thumb/v7e-m+fp/hard/crtbegin.o

.data           0x20000000       0xc0 load address 0x08009fd0
                0x20000000                        . = ALIGN (0x4)
                0x20000000                        _sdata = .
 *(.data)
 *(.data*)
 .data.uxTopUsedPriority
                0x20000000        0x4 ./Common/ThirdParty/FreeRTOS/tasks.o
                0x20000000                uxTopUsedPriority
 .data.uxCriticalNesting
                0x20000004        0x4 ./Common/ThirdParty/FreeRTOS/portable/GCC/ARM_CM4F/port.o
 .data.WeekDays
                0x20000008       0x1c ./Core/Src/DateTime.o
 .data.Local_u8DaysInMonths.0
                0x20000024        0xc ./Core/Src/DateTime.o
 .data.LedPorts
                0x20000030       0x10 ./Core/Src/LedEffect.o
 .data.LedPins  0x20000040        0x8 ./Core/Src/LedEffect.o
 .data.Local_u8PinNum.0
                0x20000048        0x1 ./Core/Src/LedEffect.o
 *fill*         0x20000049        0x3 
 .data.InvalidMsg
                0x2000004c        0x4 ./Core/Src/TaskHandlers.o
 .data.ConfigSuccessMsg
                0x20000050        0x4 ./Core/Src/TaskHandlers.o
 .data.Local_u8IsCmdValid.9
                0x20000054        0x1 ./Core/Src/TaskHandlers.o
 .data.Local_u8RtcCfgState.8
                0x20000055        0x1 ./Core/Src/TaskHandlers.o
 *fill*         0x20000056        0x2 
 .data.SystemCoreClock
                0x20000058        0x4 ./Core/Src/system_stm32f4xx.o
                0x20000058                SystemCoreClock
 .data.uwTickPrio
                0x2000005c        0x4 ./Drivers/STM32F4xx_HAL_Driver/Src/stm32f4xx_hal.o
                0x2000005c                uwTickPrio
 .data.uwTickFreq
                0x20000060        0x1 ./Drivers/STM32F4xx_HAL_Driver/Src/stm32f4xx_hal.o
                0x20000060                uwTickFreq
 *fill*         0x20000061        0x3 
 .data.__sglue  0x20000064        0xc C:/ST/STM32CubeIDE_1.12.0/STM32CubeIDE/plugins/com.st.stm32cube.ide.mcu.externaltools.gnu-tools-for-stm32.12.3.rel1.win32_1.0.100.202403111256/tools/bin/../lib/gcc/arm-none-eabi/12.3.1/../../../../arm-none-eabi/lib/thumb/v7e-m+fp/hard\libc_nano.a(libc_a-findfp.o)
                0x20000064                __sglue
 .data._impure_ptr
                0x20000070        0x4 C:/ST/STM32CubeIDE_1.12.0/STM32CubeIDE/plugins/com.st.stm32cube.ide.mcu.externaltools.gnu-tools-for-stm32.12.3.rel1.win32_1.0.100.202403111256/tools/bin/../lib/gcc/arm-none-eabi/12.3.1/../../../../arm-none-eabi/lib/thumb/v7e-m+fp/hard\libc_nano.a(libc_a-impure.o)
                0x20000070                _impure_ptr
 .data._impure_data
                0x20000074       0x4c C:/ST/STM32CubeIDE_1.12.0/STM32CubeIDE/plugins/com.st.stm32cube.ide.mcu.externaltools.gnu-tools-for-stm32.12.3.rel1.win32_1.0.100.202403111256/tools/bin/../lib/gcc/arm-none-eabi/12.3.1/../../../../arm-none-eabi/lib/thumb/v7e-m+fp/hard\libc_nano.a(libc_a-impure.o)
                0x20000074                _impure_data
 *(.RamFunc)
 *(.RamFunc*)
                0x200000c0                        . = ALIGN (0x4)
                0x200000c0                        _edata = .

.igot.plt       0x200000c0        0x0 load address 0x0800a090
 .igot.plt      0x200000c0        0x0 C:/ST/STM32CubeIDE_1.12.0/STM32CubeIDE/plugins/com.st.stm32cube.ide.mcu.externaltools.gnu-tools-for-stm32.12.3.rel1.win32_1.0.100.202403111256/tools/bin/../lib/gcc/arm-none-eabi/12.3.1/thumb/v7e-m+fp/hard/crtbegin.o
                0x200000c0                        . = ALIGN (0x4)

.bss            0x200000c0    0x1306c load address 0x0800a090
                0x200000c0                        _sbss = .
                0x200000c0                        __bss_start__ = _sbss
 *(.bss)
 .bss           0x200000c0       0x1c C:/ST/STM32CubeIDE_1.12.0/STM32CubeIDE/plugins/com.st.stm32cube.ide.mcu.externaltools.gnu-tools-for-stm32.12.3.rel1.win32_1.0.100.202403111256/tools/bin/../lib/gcc/arm-none-eabi/12.3.1/thumb/v7e-m+fp/hard/crtbegin.o
 *(.bss*)
 .bss.xQueueRegistry
                0x200000dc       0x40 ./Common/ThirdParty/FreeRTOS/queue.o
                0x200000dc                xQueueRegistry
 .bss.pxCurrentTCB
                0x2000011c        0x4 ./Common/ThirdParty/FreeRTOS/tasks.o
                0x2000011c                pxCurrentTCB
 .bss.pxReadyTasksLists
                0x20000120       0x64 ./Common/ThirdParty/FreeRTOS/tasks.o
 .bss.xDelayedTaskList1
                0x20000184       0x14 ./Common/ThirdParty/FreeRTOS/tasks.o
 .bss.xDelayedTaskList2
                0x20000198       0x14 ./Common/ThirdParty/FreeRTOS/tasks.o
 .bss.pxDelayedTaskList
                0x200001ac        0x4 ./Common/ThirdParty/FreeRTOS/tasks.o
 .bss.pxOverflowDelayedTaskList
                0x200001b0        0x4 ./Common/ThirdParty/FreeRTOS/tasks.o
 .bss.xPendingReadyList
                0x200001b4       0x14 ./Common/ThirdParty/FreeRTOS/tasks.o
 .bss.xTasksWaitingTermination
                0x200001c8       0x14 ./Common/ThirdParty/FreeRTOS/tasks.o
 .bss.uxDeletedTasksWaitingCleanUp
                0x200001dc        0x4 ./Common/ThirdParty/FreeRTOS/tasks.o
 .bss.xSuspendedTaskList
                0x200001e0       0x14 ./Common/ThirdParty/FreeRTOS/tasks.o
 .bss.uxCurrentNumberOfTasks
                0x200001f4        0x4 ./Common/ThirdParty/FreeRTOS/tasks.o
 .bss.xTickCount
                0x200001f8        0x4 ./Common/ThirdParty/FreeRTOS/tasks.o
 .bss.uxTopReadyPriority
                0x200001fc        0x4 ./Common/ThirdParty/FreeRTOS/tasks.o
 .bss.xSchedulerRunning
                0x20000200        0x4 ./Common/ThirdParty/FreeRTOS/tasks.o
 .bss.xPendedTicks
                0x20000204        0x4 ./Common/ThirdParty/FreeRTOS/tasks.o
 .bss.xYieldPending
                0x20000208        0x4 ./Common/ThirdParty/FreeRTOS/tasks.o
 .bss.xNumOfOverflows
                0x2000020c        0x4 ./Common/ThirdParty/FreeRTOS/tasks.o
 .bss.uxTaskNumber
                0x20000210        0x4 ./Common/ThirdParty/FreeRTOS/tasks.o
 .bss.xNextTaskUnblockTime
                0x20000214        0x4 ./Common/ThirdParty/FreeRTOS/tasks.o
 .bss.xIdleTaskHandle
                0x20000218        0x4 ./Common/ThirdParty/FreeRTOS/tasks.o
 .bss.uxSchedulerSuspended
                0x2000021c        0x4 ./Common/ThirdParty/FreeRTOS/tasks.o
 .bss.xActiveTimerList1
                0x20000220       0x14 ./Common/ThirdParty/FreeRTOS/timers.o
 .bss.xActiveTimerList2
                0x20000234       0x14 ./Common/ThirdParty/FreeRTOS/timers.o
 .bss.pxCurrentTimerList
                0x20000248        0x4 ./Common/ThirdParty/FreeRTOS/timers.o
 .bss.pxOverflowTimerList
                0x2000024c        0x4 ./Common/ThirdParty/FreeRTOS/timers.o
 .bss.xTimerQueue
                0x20000250        0x4 ./Common/ThirdParty/FreeRTOS/timers.o
 .bss.xTimerTaskHandle
                0x20000254        0x4 ./Common/ThirdParty/FreeRTOS/timers.o
 .bss.xLastTime.0
                0x20000258        0x4 ./Common/ThirdParty/FreeRTOS/timers.o
 .bss.ucMaxSysCallPriority
                0x2000025c        0x1 ./Common/ThirdParty/FreeRTOS/portable/GCC/ARM_CM4F/port.o
 *fill*         0x2000025d        0x3 
 .bss.ulMaxPRIGROUPValue
                0x20000260        0x4 ./Common/ThirdParty/FreeRTOS/portable/GCC/ARM_CM4F/port.o
 .bss.ucHeap    0x20000264    0x12c00 ./Common/ThirdParty/FreeRTOS/portable/MemMang/heap_4.o
 .bss.xStart    0x20012e64        0x8 ./Common/ThirdParty/FreeRTOS/portable/MemMang/heap_4.o
 .bss.pxEnd     0x20012e6c        0x4 ./Common/ThirdParty/FreeRTOS/portable/MemMang/heap_4.o
 .bss.xFreeBytesRemaining
                0x20012e70        0x4 ./Common/ThirdParty/FreeRTOS/portable/MemMang/heap_4.o
 .bss.xMinimumEverFreeBytesRemaining
                0x20012e74        0x4 ./Common/ThirdParty/FreeRTOS/portable/MemMang/heap_4.o
 .bss.xNumberOfSuccessfulAllocations
                0x20012e78        0x4 ./Common/ThirdParty/FreeRTOS/portable/MemMang/heap_4.o
 .bss.xNumberOfSuccessfulFrees
                0x20012e7c        0x4 ./Common/ThirdParty/FreeRTOS/portable/MemMang/heap_4.o
 .bss.Local_TimeStr.2
                0x20012e80       0x32 ./Core/Src/DateTime.o
 *fill*         0x20012eb2        0x2 
 .bss.Local_DateStr.1
                0x20012eb4       0x32 ./Core/Src/DateTime.o
 .bss.Local_u8CurState.2
                0x20012ee6        0x1 ./Core/Src/LedEffect.o
 .bss.Local_u8PinNum.1
                0x20012ee7        0x1 ./Core/Src/LedEffect.o
 .bss.CurrentState
                0x20012ee8        0x1 ./Core/Src/TaskHandlers.o
 .bss.Local_u812HourFmt.7
                0x20012ee9        0x1 ./Core/Src/TaskHandlers.o
 .bss.Local_u8Hour.6
                0x20012eea        0x1 ./Core/Src/TaskHandlers.o
 .bss.Local_u8Min.5
                0x20012eeb        0x1 ./Core/Src/TaskHandlers.o
 .bss.Local_u8Sec.4
                0x20012eec        0x1 ./Core/Src/TaskHandlers.o
 .bss.Local_u8WeekDay.3
                0x20012eed        0x1 ./Core/Src/TaskHandlers.o
 .bss.Local_u8Day.2
                0x20012eee        0x1 ./Core/Src/TaskHandlers.o
 .bss.Local_u8Mon.1
                0x20012eef        0x1 ./Core/Src/TaskHandlers.o
 .bss.Local_u8Year.0
                0x20012ef0        0x1 ./Core/Src/TaskHandlers.o
 *fill*         0x20012ef1        0x3 
 .bss.hrtc      0x20012ef4       0x20 ./Core/Src/main.o
                0x20012ef4                hrtc
 .bss.huart2    0x20012f14       0x48 ./Core/Src/main.o
                0x20012f14                huart2
 .bss.cRxBuf    0x20012f5c        0x1 ./Core/Src/main.o
                0x20012f5c                cRxBuf
 *fill*         0x20012f5d        0x3 
 .bss.MenuTaskHandle
                0x20012f60        0x4 ./Core/Src/main.o
                0x20012f60                MenuTaskHandle
 .bss.CommandTaskHandle
                0x20012f64        0x4 ./Core/Src/main.o
                0x20012f64                CommandTaskHandle
 .bss.LEDTaskHandle
                0x20012f68        0x4 ./Core/Src/main.o
                0x20012f68                LEDTaskHandle
 .bss.RTCTaskHandle
                0x20012f6c        0x4 ./Core/Src/main.o
                0x20012f6c                RTCTaskHandle
 .bss.PrintTaskHandle
                0x20012f70        0x4 ./Core/Src/main.o
                0x20012f70                PrintTaskHandle
 .bss.TxQueueHandle
                0x20012f74        0x4 ./Core/Src/main.o
                0x20012f74                TxQueueHandle
 .bss.RxQueueHandle
                0x20012f78        0x4 ./Core/Src/main.o
                0x20012f78                RxQueueHandle
 .bss.LedTimerHandles
                0x20012f7c       0x10 ./Core/Src/main.o
                0x20012f7c                LedTimerHandles
 .bss.ReportTimerHandle
                0x20012f8c        0x4 ./Core/Src/main.o
                0x20012f8c                ReportTimerHandle
 .bss.htim6     0x20012f90       0x48 ./Core/Src/stm32f4xx_hal_timebase_tim.o
                0x20012f90                htim6
 .bss.__sbrk_heap_end
                0x20012fd8        0x4 ./Core/Src/sysmem.o
 .bss.uwTick    0x20012fdc        0x4 ./Drivers/STM32F4xx_HAL_Driver/Src/stm32f4xx_hal.o
                0x20012fdc                uwTick
 .bss.__sf      0x20012fe0      0x138 C:/ST/STM32CubeIDE_1.12.0/STM32CubeIDE/plugins/com.st.stm32cube.ide.mcu.externaltools.gnu-tools-for-stm32.12.3.rel1.win32_1.0.100.202403111256/tools/bin/../lib/gcc/arm-none-eabi/12.3.1/../../../../arm-none-eabi/lib/thumb/v7e-m+fp/hard\libc_nano.a(libc_a-findfp.o)
                0x20012fe0                __sf
 .bss.__stdio_exit_handler
                0x20013118        0x4 C:/ST/STM32CubeIDE_1.12.0/STM32CubeIDE/plugins/com.st.stm32cube.ide.mcu.externaltools.gnu-tools-for-stm32.12.3.rel1.win32_1.0.100.202403111256/tools/bin/../lib/gcc/arm-none-eabi/12.3.1/../../../../arm-none-eabi/lib/thumb/v7e-m+fp/hard\libc_nano.a(libc_a-findfp.o)
                0x20013118                __stdio_exit_handler
 .bss.errno     0x2001311c        0x4 C:/ST/STM32CubeIDE_1.12.0/STM32CubeIDE/plugins/com.st.stm32cube.ide.mcu.externaltools.gnu-tools-for-stm32.12.3.rel1.win32_1.0.100.202403111256/tools/bin/../lib/gcc/arm-none-eabi/12.3.1/../../../../arm-none-eabi/lib/thumb/v7e-m+fp/hard\libc_nano.a(libc_a-reent.o)
                0x2001311c                errno
 .bss.__lock___malloc_recursive_mutex
                0x20013120        0x1 C:/ST/STM32CubeIDE_1.12.0/STM32CubeIDE/plugins/com.st.stm32cube.ide.mcu.externaltools.gnu-tools-for-stm32.12.3.rel1.win32_1.0.100.202403111256/tools/bin/../lib/gcc/arm-none-eabi/12.3.1/../../../../arm-none-eabi/lib/thumb/v7e-m+fp/hard\libc_nano.a(libc_a-lock.o)
                0x20013120                __lock___malloc_recursive_mutex
 .bss.__lock___sfp_recursive_mutex
                0x20013121        0x1 C:/ST/STM32CubeIDE_1.12.0/STM32CubeIDE/plugins/com.st.stm32cube.ide.mcu.externaltools.gnu-tools-for-stm32.12.3.rel1.win32_1.0.100.202403111256/tools/bin/../lib/gcc/arm-none-eabi/12.3.1/../../../../arm-none-eabi/lib/thumb/v7e-m+fp/hard\libc_nano.a(libc_a-lock.o)
                0x20013121                __lock___sfp_recursive_mutex
 *fill*         0x20013122        0x2 
 .bss.__malloc_sbrk_start
                0x20013124        0x4 C:/ST/STM32CubeIDE_1.12.0/STM32CubeIDE/plugins/com.st.stm32cube.ide.mcu.externaltools.gnu-tools-for-stm32.12.3.rel1.win32_1.0.100.202403111256/tools/bin/../lib/gcc/arm-none-eabi/12.3.1/../../../../arm-none-eabi/lib/thumb/v7e-m+fp/hard\libc_nano.a(libc_a-mallocr.o)
                0x20013124                __malloc_sbrk_start
 .bss.__malloc_free_list
                0x20013128        0x4 C:/ST/STM32CubeIDE_1.12.0/STM32CubeIDE/plugins/com.st.stm32cube.ide.mcu.externaltools.gnu-tools-for-stm32.12.3.rel1.win32_1.0.100.202403111256/tools/bin/../lib/gcc/arm-none-eabi/12.3.1/../../../../arm-none-eabi/lib/thumb/v7e-m+fp/hard\libc_nano.a(libc_a-mallocr.o)
                0x20013128                __malloc_free_list
 *(COMMON)
                0x2001312c                        . = ALIGN (0x4)
                0x2001312c                        _ebss = .
                0x2001312c                        __bss_end__ = _ebss

._user_heap_stack
                0x2001312c      0x604 load address 0x0800a090
                0x20013130                        . = ALIGN (0x8)
 *fill*         0x2001312c        0x4 
                [!provide]                        PROVIDE (end = .)
                0x20013130                        PROVIDE (_end = .)
                0x20013330                        . = (. + _Min_Heap_Size)
 *fill*         0x20013130      0x200 
                0x20013730                        . = (. + _Min_Stack_Size)
 *fill*         0x20013330      0x400 
                0x20013730                        . = ALIGN (0x8)

/DISCARD/
 libc.a(*)
 libm.a(*)
 libgcc.a(*)

.ARM.attributes
                0x00000000       0x30
 *(.ARM.attributes)
 .ARM.attributes
                0x00000000       0x22 C:/ST/STM32CubeIDE_1.12.0/STM32CubeIDE/plugins/com.st.stm32cube.ide.mcu.externaltools.gnu-tools-for-stm32.12.3.rel1.win32_1.0.100.202403111256/tools/bin/../lib/gcc/arm-none-eabi/12.3.1/thumb/v7e-m+fp/hard/crti.o
 .ARM.attributes
                0x00000022       0x34 C:/ST/STM32CubeIDE_1.12.0/STM32CubeIDE/plugins/com.st.stm32cube.ide.mcu.externaltools.gnu-tools-for-stm32.12.3.rel1.win32_1.0.100.202403111256/tools/bin/../lib/gcc/arm-none-eabi/12.3.1/thumb/v7e-m+fp/hard/crtbegin.o
 .ARM.attributes
                0x00000056       0x34 ./Common/ThirdParty/FreeRTOS/list.o
 .ARM.attributes
                0x0000008a       0x34 ./Common/ThirdParty/FreeRTOS/queue.o
 .ARM.attributes
                0x000000be       0x34 ./Common/ThirdParty/FreeRTOS/tasks.o
 .ARM.attributes
                0x000000f2       0x34 ./Common/ThirdParty/FreeRTOS/timers.o
 .ARM.attributes
                0x00000126       0x34 ./Common/ThirdParty/FreeRTOS/portable/GCC/ARM_CM4F/port.o
 .ARM.attributes
                0x0000015a       0x34 ./Common/ThirdParty/FreeRTOS/portable/MemMang/heap_4.o
 .ARM.attributes
                0x0000018e       0x34 ./Core/Src/DateTime.o
 .ARM.attributes
                0x000001c2       0x34 ./Core/Src/LedEffect.o
 .ARM.attributes
                0x000001f6       0x34 ./Core/Src/TaskHandlers.o
 .ARM.attributes
                0x0000022a       0x34 ./Core/Src/main.o
 .ARM.attributes
                0x0000025e       0x34 ./Core/Src/stm32f4xx_hal_msp.o
 .ARM.attributes
                0x00000292       0x34 ./Core/Src/stm32f4xx_hal_timebase_tim.o
 .ARM.attributes
                0x000002c6       0x34 ./Core/Src/stm32f4xx_it.o
 .ARM.attributes
                0x000002fa       0x34 ./Core/Src/syscalls.o
 .ARM.attributes
                0x0000032e       0x34 ./Core/Src/sysmem.o
 .ARM.attributes
                0x00000362       0x34 ./Core/Src/system_stm32f4xx.o
 .ARM.attributes
                0x00000396       0x21 ./Core/Startup/startup_stm32f446retx.o
 .ARM.attributes
                0x000003b7       0x34 ./Drivers/STM32F4xx_HAL_Driver/Src/stm32f4xx_hal.o
 .ARM.attributes
                0x000003eb       0x34 ./Drivers/STM32F4xx_HAL_Driver/Src/stm32f4xx_hal_cortex.o
 .ARM.attributes
                0x0000041f       0x34 ./Drivers/STM32F4xx_HAL_Driver/Src/stm32f4xx_hal_dma.o
 .ARM.attributes
                0x00000453       0x34 ./Drivers/STM32F4xx_HAL_Driver/Src/stm32f4xx_hal_gpio.o
 .ARM.attributes
                0x00000487       0x34 ./Drivers/STM32F4xx_HAL_Driver/Src/stm32f4xx_hal_rcc.o
 .ARM.attributes
                0x000004bb       0x34 ./Drivers/STM32F4xx_HAL_Driver/Src/stm32f4xx_hal_rcc_ex.o
 .ARM.attributes
                0x000004ef       0x34 ./Drivers/STM32F4xx_HAL_Driver/Src/stm32f4xx_hal_rtc.o
 .ARM.attributes
                0x00000523       0x34 ./Drivers/STM32F4xx_HAL_Driver/Src/stm32f4xx_hal_tim.o
 .ARM.attributes
                0x00000557       0x34 ./Drivers/STM32F4xx_HAL_Driver/Src/stm32f4xx_hal_tim_ex.o
 .ARM.attributes
                0x0000058b       0x34 ./Drivers/STM32F4xx_HAL_Driver/Src/stm32f4xx_hal_uart.o
 .ARM.attributes
                0x000005bf       0x34 C:/ST/STM32CubeIDE_1.12.0/STM32CubeIDE/plugins/com.st.stm32cube.ide.mcu.externaltools.gnu-tools-for-stm32.12.3.rel1.win32_1.0.100.202403111256/tools/bin/../lib/gcc/arm-none-eabi/12.3.1/../../../../arm-none-eabi/lib/thumb/v7e-m+fp/hard\libc_nano.a(libc_a-findfp.o)
 .ARM.attributes
                0x000005f3       0x34 C:/ST/STM32CubeIDE_1.12.0/STM32CubeIDE/plugins/com.st.stm32cube.ide.mcu.externaltools.gnu-tools-for-stm32.12.3.rel1.win32_1.0.100.202403111256/tools/bin/../lib/gcc/arm-none-eabi/12.3.1/../../../../arm-none-eabi/lib/thumb/v7e-m+fp/hard\libc_nano.a(libc_a-fwalk.o)
 .ARM.attributes
                0x00000627       0x34 C:/ST/STM32CubeIDE_1.12.0/STM32CubeIDE/plugins/com.st.stm32cube.ide.mcu.externaltools.gnu-tools-for-stm32.12.3.rel1.win32_1.0.100.202403111256/tools/bin/../lib/gcc/arm-none-eabi/12.3.1/../../../../arm-none-eabi/lib/thumb/v7e-m+fp/hard\libc_nano.a(libc_a-printf.o)
 .ARM.attributes
                0x0000065b       0x34 C:/ST/STM32CubeIDE_1.12.0/STM32CubeIDE/plugins/com.st.stm32cube.ide.mcu.externaltools.gnu-tools-for-stm32.12.3.rel1.win32_1.0.100.202403111256/tools/bin/../lib/gcc/arm-none-eabi/12.3.1/../../../../arm-none-eabi/lib/thumb/v7e-m+fp/hard\libc_nano.a(libc_a-sprintf.o)
 .ARM.attributes
                0x0000068f       0x34 C:/ST/STM32CubeIDE_1.12.0/STM32CubeIDE/plugins/com.st.stm32cube.ide.mcu.externaltools.gnu-tools-for-stm32.12.3.rel1.win32_1.0.100.202403111256/tools/bin/../lib/gcc/arm-none-eabi/12.3.1/../../../../arm-none-eabi/lib/thumb/v7e-m+fp/hard\libc_nano.a(libc_a-stdio.o)
 .ARM.attributes
                0x000006c3       0x34 C:/ST/STM32CubeIDE_1.12.0/STM32CubeIDE/plugins/com.st.stm32cube.ide.mcu.externaltools.gnu-tools-for-stm32.12.3.rel1.win32_1.0.100.202403111256/tools/bin/../lib/gcc/arm-none-eabi/12.3.1/../../../../arm-none-eabi/lib/thumb/v7e-m+fp/hard\libc_nano.a(libc_a-memset.o)
 .ARM.attributes
                0x000006f7       0x34 C:/ST/STM32CubeIDE_1.12.0/STM32CubeIDE/plugins/com.st.stm32cube.ide.mcu.externaltools.gnu-tools-for-stm32.12.3.rel1.win32_1.0.100.202403111256/tools/bin/../lib/gcc/arm-none-eabi/12.3.1/../../../../arm-none-eabi/lib/thumb/v7e-m+fp/hard\libc_nano.a(libc_a-closer.o)
 .ARM.attributes
                0x0000072b       0x34 C:/ST/STM32CubeIDE_1.12.0/STM32CubeIDE/plugins/com.st.stm32cube.ide.mcu.externaltools.gnu-tools-for-stm32.12.3.rel1.win32_1.0.100.202403111256/tools/bin/../lib/gcc/arm-none-eabi/12.3.1/../../../../arm-none-eabi/lib/thumb/v7e-m+fp/hard\libc_nano.a(libc_a-reent.o)
 .ARM.attributes
                0x0000075f       0x34 C:/ST/STM32CubeIDE_1.12.0/STM32CubeIDE/plugins/com.st.stm32cube.ide.mcu.externaltools.gnu-tools-for-stm32.12.3.rel1.win32_1.0.100.202403111256/tools/bin/../lib/gcc/arm-none-eabi/12.3.1/../../../../arm-none-eabi/lib/thumb/v7e-m+fp/hard\libc_nano.a(libc_a-impure.o)
 .ARM.attributes
                0x00000793       0x34 C:/ST/STM32CubeIDE_1.12.0/STM32CubeIDE/plugins/com.st.stm32cube.ide.mcu.externaltools.gnu-tools-for-stm32.12.3.rel1.win32_1.0.100.202403111256/tools/bin/../lib/gcc/arm-none-eabi/12.3.1/../../../../arm-none-eabi/lib/thumb/v7e-m+fp/hard\libc_nano.a(libc_a-lseekr.o)
 .ARM.attributes
                0x000007c7       0x34 C:/ST/STM32CubeIDE_1.12.0/STM32CubeIDE/plugins/com.st.stm32cube.ide.mcu.externaltools.gnu-tools-for-stm32.12.3.rel1.win32_1.0.100.202403111256/tools/bin/../lib/gcc/arm-none-eabi/12.3.1/../../../../arm-none-eabi/lib/thumb/v7e-m+fp/hard\libc_nano.a(libc_a-readr.o)
 .ARM.attributes
                0x000007fb       0x34 C:/ST/STM32CubeIDE_1.12.0/STM32CubeIDE/plugins/com.st.stm32cube.ide.mcu.externaltools.gnu-tools-for-stm32.12.3.rel1.win32_1.0.100.202403111256/tools/bin/../lib/gcc/arm-none-eabi/12.3.1/../../../../arm-none-eabi/lib/thumb/v7e-m+fp/hard\libc_nano.a(libc_a-writer.o)
 .ARM.attributes
                0x0000082f       0x34 C:/ST/STM32CubeIDE_1.12.0/STM32CubeIDE/plugins/com.st.stm32cube.ide.mcu.externaltools.gnu-tools-for-stm32.12.3.rel1.win32_1.0.100.202403111256/tools/bin/../lib/gcc/arm-none-eabi/12.3.1/../../../../arm-none-eabi/lib/thumb/v7e-m+fp/hard\libc_nano.a(libc_a-errno.o)
 .ARM.attributes
                0x00000863       0x34 C:/ST/STM32CubeIDE_1.12.0/STM32CubeIDE/plugins/com.st.stm32cube.ide.mcu.externaltools.gnu-tools-for-stm32.12.3.rel1.win32_1.0.100.202403111256/tools/bin/../lib/gcc/arm-none-eabi/12.3.1/../../../../arm-none-eabi/lib/thumb/v7e-m+fp/hard\libc_nano.a(libc_a-init.o)
 .ARM.attributes
                0x00000897       0x34 C:/ST/STM32CubeIDE_1.12.0/STM32CubeIDE/plugins/com.st.stm32cube.ide.mcu.externaltools.gnu-tools-for-stm32.12.3.rel1.win32_1.0.100.202403111256/tools/bin/../lib/gcc/arm-none-eabi/12.3.1/../../../../arm-none-eabi/lib/thumb/v7e-m+fp/hard\libc_nano.a(libc_a-lock.o)
 .ARM.attributes
                0x000008cb       0x20 C:/ST/STM32CubeIDE_1.12.0/STM32CubeIDE/plugins/com.st.stm32cube.ide.mcu.externaltools.gnu-tools-for-stm32.12.3.rel1.win32_1.0.100.202403111256/tools/bin/../lib/gcc/arm-none-eabi/12.3.1/../../../../arm-none-eabi/lib/thumb/v7e-m+fp/hard\libc_nano.a(libc_a-strcmp.o)
 .ARM.attributes
                0x000008eb       0x34 C:/ST/STM32CubeIDE_1.12.0/STM32CubeIDE/plugins/com.st.stm32cube.ide.mcu.externaltools.gnu-tools-for-stm32.12.3.rel1.win32_1.0.100.202403111256/tools/bin/../lib/gcc/arm-none-eabi/12.3.1/../../../../arm-none-eabi/lib/thumb/v7e-m+fp/hard\libc_nano.a(libc_a-memcpy-stub.o)
 .ARM.attributes
                0x0000091f       0x17 C:/ST/STM32CubeIDE_1.12.0/STM32CubeIDE/plugins/com.st.stm32cube.ide.mcu.externaltools.gnu-tools-for-stm32.12.3.rel1.win32_1.0.100.202403111256/tools/bin/../lib/gcc/arm-none-eabi/12.3.1/../../../../arm-none-eabi/lib/thumb/v7e-m+fp/hard\libc_nano.a(libc_a-strlen.o)
 .ARM.attributes
                0x00000936       0x34 C:/ST/STM32CubeIDE_1.12.0/STM32CubeIDE/plugins/com.st.stm32cube.ide.mcu.externaltools.gnu-tools-for-stm32.12.3.rel1.win32_1.0.100.202403111256/tools/bin/../lib/gcc/arm-none-eabi/12.3.1/../../../../arm-none-eabi/lib/thumb/v7e-m+fp/hard\libc_nano.a(libc_a-freer.o)
 .ARM.attributes
                0x0000096a       0x34 C:/ST/STM32CubeIDE_1.12.0/STM32CubeIDE/plugins/com.st.stm32cube.ide.mcu.externaltools.gnu-tools-for-stm32.12.3.rel1.win32_1.0.100.202403111256/tools/bin/../lib/gcc/arm-none-eabi/12.3.1/../../../../arm-none-eabi/lib/thumb/v7e-m+fp/hard\libc_nano.a(libc_a-mallocr.o)
 .ARM.attributes
                0x0000099e       0x34 C:/ST/STM32CubeIDE_1.12.0/STM32CubeIDE/plugins/com.st.stm32cube.ide.mcu.externaltools.gnu-tools-for-stm32.12.3.rel1.win32_1.0.100.202403111256/tools/bin/../lib/gcc/arm-none-eabi/12.3.1/../../../../arm-none-eabi/lib/thumb/v7e-m+fp/hard\libc_nano.a(libc_a-mlock.o)
 .ARM.attributes